Archive member included to satisfy reference by file (symbol)

D:/STM32CubeIDE_1.14.0/STM32CubeIDE/plugins/com.st.stm32cube.ide.mcu.externaltools.gnu-tools-for-stm32.11.3.rel1.win32_1.1.100.202309141235/tools/bin/../lib/gcc/arm-none-eabi/11.3.1/../../../../arm-none-eabi/lib/thumb/v6-m/nofp\libc_nano.a(libc_a-exit.o)
                              D:/STM32CubeIDE_1.14.0/STM32CubeIDE/plugins/com.st.stm32cube.ide.mcu.externaltools.gnu-tools-for-stm32.11.3.rel1.win32_1.1.100.202309141235/tools/bin/../lib/gcc/arm-none-eabi/11.3.1/../../../../arm-none-eabi/lib/thumb/v6-m/nofp/crt0.o (exit)
D:/STM32CubeIDE_1.14.0/STM32CubeIDE/plugins/com.st.stm32cube.ide.mcu.externaltools.gnu-tools-for-stm32.11.3.rel1.win32_1.1.100.202309141235/tools/bin/../lib/gcc/arm-none-eabi/11.3.1/../../../../arm-none-eabi/lib/thumb/v6-m/nofp\libc_nano.a(libc_a-findfp.o)
                              D:/STM32CubeIDE_1.14.0/STM32CubeIDE/plugins/com.st.stm32cube.ide.mcu.externaltools.gnu-tools-for-stm32.11.3.rel1.win32_1.1.100.202309141235/tools/bin/../lib/gcc/arm-none-eabi/11.3.1/../../../../arm-none-eabi/lib/thumb/v6-m/nofp\libc_nano.a(libc_a-exit.o) (__stdio_exit_handler)
D:/STM32CubeIDE_1.14.0/STM32CubeIDE/plugins/com.st.stm32cube.ide.mcu.externaltools.gnu-tools-for-stm32.11.3.rel1.win32_1.1.100.202309141235/tools/bin/../lib/gcc/arm-none-eabi/11.3.1/../../../../arm-none-eabi/lib/thumb/v6-m/nofp\libc_nano.a(libc_a-fwalk.o)
                              D:/STM32CubeIDE_1.14.0/STM32CubeIDE/plugins/com.st.stm32cube.ide.mcu.externaltools.gnu-tools-for-stm32.11.3.rel1.win32_1.1.100.202309141235/tools/bin/../lib/gcc/arm-none-eabi/11.3.1/../../../../arm-none-eabi/lib/thumb/v6-m/nofp\libc_nano.a(libc_a-findfp.o) (_fwalk_sglue)
D:/STM32CubeIDE_1.14.0/STM32CubeIDE/plugins/com.st.stm32cube.ide.mcu.externaltools.gnu-tools-for-stm32.11.3.rel1.win32_1.1.100.202309141235/tools/bin/../lib/gcc/arm-none-eabi/11.3.1/../../../../arm-none-eabi/lib/thumb/v6-m/nofp\libc_nano.a(libc_a-puts.o)
                              ./Core/Src/main.o (puts)
D:/STM32CubeIDE_1.14.0/STM32CubeIDE/plugins/com.st.stm32cube.ide.mcu.externaltools.gnu-tools-for-stm32.11.3.rel1.win32_1.1.100.202309141235/tools/bin/../lib/gcc/arm-none-eabi/11.3.1/../../../../arm-none-eabi/lib/thumb/v6-m/nofp\libc_nano.a(libc_a-stdio.o)
                              D:/STM32CubeIDE_1.14.0/STM32CubeIDE/plugins/com.st.stm32cube.ide.mcu.externaltools.gnu-tools-for-stm32.11.3.rel1.win32_1.1.100.202309141235/tools/bin/../lib/gcc/arm-none-eabi/11.3.1/../../../../arm-none-eabi/lib/thumb/v6-m/nofp\libc_nano.a(libc_a-findfp.o) (__sread)
D:/STM32CubeIDE_1.14.0/STM32CubeIDE/plugins/com.st.stm32cube.ide.mcu.externaltools.gnu-tools-for-stm32.11.3.rel1.win32_1.1.100.202309141235/tools/bin/../lib/gcc/arm-none-eabi/11.3.1/../../../../arm-none-eabi/lib/thumb/v6-m/nofp\libc_nano.a(libc_a-wbuf.o)
                              D:/STM32CubeIDE_1.14.0/STM32CubeIDE/plugins/com.st.stm32cube.ide.mcu.externaltools.gnu-tools-for-stm32.11.3.rel1.win32_1.1.100.202309141235/tools/bin/../lib/gcc/arm-none-eabi/11.3.1/../../../../arm-none-eabi/lib/thumb/v6-m/nofp\libc_nano.a(libc_a-puts.o) (__swbuf_r)
D:/STM32CubeIDE_1.14.0/STM32CubeIDE/plugins/com.st.stm32cube.ide.mcu.externaltools.gnu-tools-for-stm32.11.3.rel1.win32_1.1.100.202309141235/tools/bin/../lib/gcc/arm-none-eabi/11.3.1/../../../../arm-none-eabi/lib/thumb/v6-m/nofp\libc_nano.a(libc_a-wsetup.o)
                              D:/STM32CubeIDE_1.14.0/STM32CubeIDE/plugins/com.st.stm32cube.ide.mcu.externaltools.gnu-tools-for-stm32.11.3.rel1.win32_1.1.100.202309141235/tools/bin/../lib/gcc/arm-none-eabi/11.3.1/../../../../arm-none-eabi/lib/thumb/v6-m/nofp\libc_nano.a(libc_a-puts.o) (__swsetup_r)
D:/STM32CubeIDE_1.14.0/STM32CubeIDE/plugins/com.st.stm32cube.ide.mcu.externaltools.gnu-tools-for-stm32.11.3.rel1.win32_1.1.100.202309141235/tools/bin/../lib/gcc/arm-none-eabi/11.3.1/../../../../arm-none-eabi/lib/thumb/v6-m/nofp\libc_nano.a(libc_a-memset.o)
                              D:/STM32CubeIDE_1.14.0/STM32CubeIDE/plugins/com.st.stm32cube.ide.mcu.externaltools.gnu-tools-for-stm32.11.3.rel1.win32_1.1.100.202309141235/tools/bin/../lib/gcc/arm-none-eabi/11.3.1/../../../../arm-none-eabi/lib/thumb/v6-m/nofp/crt0.o (memset)
D:/STM32CubeIDE_1.14.0/STM32CubeIDE/plugins/com.st.stm32cube.ide.mcu.externaltools.gnu-tools-for-stm32.11.3.rel1.win32_1.1.100.202309141235/tools/bin/../lib/gcc/arm-none-eabi/11.3.1/../../../../arm-none-eabi/lib/thumb/v6-m/nofp\libc_nano.a(libc_a-closer.o)
                              D:/STM32CubeIDE_1.14.0/STM32CubeIDE/plugins/com.st.stm32cube.ide.mcu.externaltools.gnu-tools-for-stm32.11.3.rel1.win32_1.1.100.202309141235/tools/bin/../lib/gcc/arm-none-eabi/11.3.1/../../../../arm-none-eabi/lib/thumb/v6-m/nofp\libc_nano.a(libc_a-stdio.o) (_close_r)
[...]
Memory Configuration

Name             Origin             Length             Attributes
RAM              0x0000000020000000 0x0000000000024000 xrw
FLASH            0x0000000008000000 0x0000000000020000 xr
*default*        0x0000000000000000 0xffffffffffffffff

Linker script and memory map

LOAD D:/STM32CubeIDE_1.14.0/STM32CubeIDE/plugins/com.st.stm32cube.ide.mcu.externaltools.gnu-tools-for-stm32.11.3.rel1.win32_1.1.100.202309141235/tools/bin/../lib/gcc/arm-none-eabi/11.3.1/thumb/v6-m/nofp/crti.o
LOAD D:/STM32CubeIDE_1.14.0/STM32CubeIDE/plugins/com.st.stm32cube.ide.mcu.externaltools.gnu-tools-for-stm32.11.3.rel1.win32_1.1.100.202309141235/tools/bin/../lib/gcc/arm-none-eabi/11.3.1/thumb/v6-m/nofp/crtbegin.o
LOAD D:/STM32CubeIDE_1.14.0/STM32CubeIDE/plugins/com.st.stm32cube.ide.mcu.externaltools.gnu-tools-for-stm32.11.3.rel1.win32_1.1.100.202309141235/tools/bin/../lib/gcc/arm-none-eabi/11.3.1/../../../../arm-none-eabi/lib/thumb/v6-m/nofp/crt0.o
LOAD ./Core/Src/fdcan.o
LOAD ./Core/Src/gpio.o
LOAD ./Core/Src/main.o
LOAD ./Core/Src/stm32g0xx_hal_msp.o
LOAD ./Core/Src/stm32g0xx_it.o
LOAD ./Core/Src/syscalls.o
LOAD ./Core/Src/sysmem.o
LOAD ./Core/Src/system_stm32g0xx.o
LOAD ./Core/Src/usart.o
LOAD ./Core/Startup/startup_stm32g0b1cbtx.o
LOAD ./Drivers/STM32G0xx_HAL_Driver/Src/stm32g0xx_hal.o
LOAD ./Drivers/STM32G0xx_HAL_Driver/Src/stm32g0xx_hal_cortex.o
LOAD ./Drivers/STM32G0xx_HAL_Driver/Src/stm32g0xx_hal_dma.o
LOAD ./Drivers/STM32G0xx_HAL_Driver/Src/stm32g0xx_hal_dma_ex.o
LOAD ./Drivers/STM32G0xx_HAL_Driver/Src/stm32g0xx_hal_exti.o
LOAD ./Drivers/STM32G0xx_HAL_Driver/Src/stm32g0xx_hal_fdcan.o
LOAD ./Drivers/STM32G0xx_HAL_Driver/Src/stm32g0xx_hal_flash.o
LOAD ./Drivers/STM32G0xx_HAL_Driver/Src/stm32g0xx_hal_flash_ex.o
LOAD ./Drivers/STM32G0xx_HAL_Driver/Src/stm32g0xx_hal_gpio.o
LOAD ./Drivers/STM32G0xx_HAL_Driver/Src/stm32g0xx_hal_pwr.o
LOAD ./Drivers/STM32G0xx_HAL_Driver/Src/stm32g0xx_hal_pwr_ex.o
LOAD ./Drivers/STM32G0xx_HAL_Driver/Src/stm32g0xx_hal_rcc.o
LOAD ./Drivers/STM32G0xx_HAL_Driver/Src/stm32g0xx_hal_rcc_ex.o
LOAD ./Drivers/STM32G0xx_HAL_Driver/Src/stm32g0xx_hal_tim.o
LOAD ./Drivers/STM32G0xx_HAL_Driver/Src/stm32g0xx_hal_tim_ex.o
LOAD ./Drivers/STM32G0xx_HAL_Driver/Src/stm32g0xx_hal_uart.o
LOAD ./Drivers/STM32G0xx_HAL_Driver/Src/stm32g0xx_hal_uart_ex.o
LOAD ./Drivers/STM32G0xx_HAL_Driver/Src/stm32g0xx_ll_dma.o
LOAD ./Drivers/STM32G0xx_HAL_Driver/Src/stm32g0xx_ll_rcc.o
LOAD ./app/Bsp/Bsp.o
LOAD ./app/FDCAN_Flash/FDCAN_Flash_host.o
START GROUP
LOAD D:/STM32CubeIDE_1.14.0/STM32CubeIDE/plugins/com.st.stm32cube.ide.mcu.externaltools.gnu-tools-for-stm32.11.3.rel1.win32_1.1.100.202309141235/tools/bin/../lib/gcc/arm-none-eabi/11.3.1/../../../../arm-none-eabi/lib/thumb/v6-m/nofp\libc_nano.a
LOAD D:/STM32CubeIDE_1.14.0/STM32CubeIDE/plugins/com.st.stm32cube.ide.mcu.externaltools.gnu-tools-for-stm32.11.3.rel1.win32_1.1.100.202309141235/tools/bin/../lib/gcc/arm-none-eabi/11.3.1/../../../../arm-none-eabi/lib/thumb/v6-m/nofp\libm.a
END GROUP
START GROUP
LOAD D:/STM32CubeIDE_1.14.0/STM32CubeIDE/plugins/com.st.stm32cube.ide.mcu.externaltools.gnu-tools-for-stm32.11.3.rel1.win32_1.1.100.202309141235/tools/bin/../lib/gcc/arm-none-eabi/11.3.1/thumb/v6-m/nofp\libgcc.a
LOAD D:/STM32CubeIDE_1.14.0/STM32CubeIDE/plugins/com.st.stm32cube.ide.mcu.externaltools.gnu-tools-for-stm32.11.3.rel1.win32_1.1.100.202309141235/tools/bin/../lib/gcc/arm-none-eabi/11.3.1/../../../../arm-none-eabi/lib/thumb/v6-m/nofp\libc_nano.a
END GROUP
START GROUP
LOAD D:/STM32CubeIDE_1.14.0/STM32CubeIDE/plugins/com.st.stm32cube.ide.mcu.externaltools.gnu-tools-for-stm32.11.3.rel1.win32_1.1.100.202309141235/tools/bin/../lib/gcc/arm-none-eabi/11.3.1/thumb/v6-m/nofp\libgcc.a
LOAD D:/STM32CubeIDE_1.14.0/STM32CubeIDE/plugins/com.st.stm32cube.ide.mcu.externaltools.gnu-tools-for-stm32.11.3.rel1.win32_1.1.100.202309141235/tools/bin/../lib/gcc/arm-none-eabi/11.3.1/../../../../arm-none-eabi/lib/thumb/v6-m/nofp\libc_nano.a
LOAD D:/STM32CubeIDE_1.14.0/STM32CubeIDE/plugins/com.st.stm32cube.ide.mcu.externaltools.gnu-tools-for-stm32.11.3.rel1.win32_1.1.100.202309141235/tools/bin/../lib/gcc/arm-none-eabi/11.3.1/../../../../arm-none-eabi/lib/thumb/v6-m/nofp\libnosys.a
END GROUP
START GROUP
LOAD D:/STM32CubeIDE_1.14.0/STM32CubeIDE/plugins/com.st.stm32cube.ide.mcu.externaltools.gnu-tools-for-stm32.11.3.rel1.win32_1.1.100.202309141235/tools/bin/../lib/gcc/arm-none-eabi/11.3.1/thumb/v6-m/nofp\libgcc.a
LOAD D:/STM32CubeIDE_1.14.0/STM32CubeIDE/plugins/com.st.stm32cube.ide.mcu.externaltools.gnu-tools-for-stm32.11.3.rel1.win32_1.1.100.202309141235/tools/bin/../lib/gcc/arm-none-eabi/11.3.1/../../../../arm-none-eabi/lib/thumb/v6-m/nofp\libc_nano.a
LOAD D:/STM32CubeIDE_1.14.0/STM32CubeIDE/plugins/com.st.stm32cube.ide.mcu.externaltools.gnu-tools-for-stm32.11.3.rel1.win32_1.1.100.202309141235/tools/bin/../lib/gcc/arm-none-eabi/11.3.1/../../../../arm-none-eabi/lib/thumb/v6-m/nofp\libnosys.a
END GROUP
LOAD D:/STM32CubeIDE_1.14.0/STM32CubeIDE/plugins/com.st.stm32cube.ide.mcu.externaltools.gnu-tools-for-stm32.11.3.rel1.win32_1.1.100.202309141235/tools/bin/../lib/gcc/arm-none-eabi/11.3.1/thumb/v6-m/nofp/crtend.o
LOAD D:/STM32CubeIDE_1.14.0/STM32CubeIDE/plugins/com.st.stm32cube.ide.mcu.externaltools.gnu-tools-for-stm32.11.3.rel1.win32_1.1.100.202309141235/tools/bin/../lib/gcc/arm-none-eabi/11.3.1/thumb/v6-m/nofp/crtn.o
                0x0000000020024000                _estack = (ORIGIN (RAM) + LENGTH (RAM))
                0x0000000000000200                _Min_Heap_Size = 0x200
                0x0000000000000400                _Min_Stack_Size = 0x400

.isr_vector     0x0000000008000000       0xbc
                0x0000000008000000                . = ALIGN (0x4)
 *(.isr_vector)
 .isr_vector    0x0000000008000000       0xbc ./Core/Startup/startup_stm32g0b1cbtx.o
                0x0000000008000000                g_pfnVectors
                0x00000000080000bc                . = ALIGN (0x4)

.text           0x00000000080000bc     0x2a58
                0x00000000080000bc                . = ALIGN (0x4)
 *(.text)
 .text          0x00000000080000bc       0x48 D:/STM32CubeIDE_1.14.0/STM32CubeIDE/plugins/com.st.stm32cube.ide.mcu.externaltools.gnu-tools-for-stm32.11.3.rel1.win32_1.1.100.202309141235/tools/bin/../lib/gcc/arm-none-eabi/11.3.1/thumb/v6-m/nofp/crtbegin.o
 .text          0x0000000008000104      0x114 D:/STM32CubeIDE_1.14.0/STM32CubeIDE/plugins/com.st.stm32cube.ide.mcu.externaltools.gnu-tools-for-stm32.11.3.rel1.win32_1.1.100.202309141235/tools/bin/../lib/gcc/arm-none-eabi/11.3.1/thumb/v6-m/nofp\libgcc.a(_udivsi3.o)
                0x0000000008000104                __aeabi_uidiv
                0x0000000008000104                __udivsi3
                0x0000000008000210                __aeabi_uidivmod
 .text          0x0000000008000218      0x1d4 D:/STM32CubeIDE_1.14.0/STM32CubeIDE/plugins/com.st.stm32cube.ide.mcu.externaltools.gnu-tools-for-stm32.11.3.rel1.win32_1.1.100.202309141235/tools/bin/../lib/gcc/arm-none-eabi/11.3.1/thumb/v6-m/nofp\libgcc.a(_divsi3.o)
                0x0000000008000218                __divsi3
                0x0000000008000218                __aeabi_idiv
                0x00000000080003e4                __aeabi_idivmod
 .text          0x00000000080003ec        0x4 D:/STM32CubeIDE_1.14.0/STM32CubeIDE/plugins/com.st.stm32cube.ide.mcu.externaltools.gnu-tools-for-stm32.11.3.rel1.win32_1.1.100.202309141235/tools/bin/../lib/gcc/arm-none-eabi/11.3.1/thumb/v6-m/nofp\libgcc.a(_dvmd_tls.o)
                0x00000000080003ec                __aeabi_idiv0
                0x00000000080003ec                __aeabi_ldiv0
 *(.text*)
 .text.MX_FDCAN1_Init
                0x00000000080003f0       0x50 ./Core/Src/fdcan.o
                0x00000000080003f0                MX_FDCAN1_Init
 .text.HAL_FDCAN_MspInit
                0x0000000008000440       0x94 ./Core/Src/fdcan.o
                0x0000000008000440                HAL_FDCAN_MspInit
 .text.MX_GPIO_Init
                0x00000000080004d4       0xc0 ./Core/Src/gpio.o
                0x00000000080004d4                MX_GPIO_Init
 .text.__io_putchar
                0x0000000008000594       0x1c ./Core/Src/main.o
                0x0000000008000594                __io_putchar
 .text.SystemClock_Config
                0x00000000080005b0       0x7a ./Core/Src/main.o
                0x00000000080005b0                SystemClock_Config
 *fill*         0x000000000800062a        0x2 
 .text.startup.main
                0x000000000800062c      0x138 ./Core/Src/main.o
                0x000000000800062c                main
 .text.Error_Handler
                0x0000000008000764        0x4 ./Core/Src/main.o
                0x0000000008000764                Error_Handler
 .text.HAL_MspInit
                0x0000000008000768       0x34 ./Core/Src/stm32g0xx_hal_msp.o
                0x0000000008000768                HAL_MspInit
 .text.NMI_Handler
                0x000000000800079c        0x2 ./Core/Src/stm32g0xx_it.o
                0x000000000800079c                NMI_Handler
 .text.HardFault_Handler
                0x000000000800079e        0x2 ./Core/Src/stm32g0xx_it.o
                0x000000000800079e                HardFault_Handler
 .text.SVC_Handler
                0x00000000080007a0        0x2 ./Core/Src/stm32g0xx_it.o
                0x00000000080007a0                SVC_Handler
 .text.PendSV_Handler
                0x00000000080007a2        0x2 ./Core/Src/stm32g0xx_it.o
                0x00000000080007a2                PendSV_Handler
 .text.SysTick_Handler
                0x00000000080007a4        0x8 ./Core/Src/stm32g0xx_it.o
                0x00000000080007a4                SysTick_Handler
 .text.TIM16_FDCAN_IT0_IRQHandler
                0x00000000080007ac       0x10 ./Core/Src/stm32g0xx_it.o
                0x00000000080007ac                TIM16_FDCAN_IT0_IRQHandler
 .text._read    0x00000000080007bc       0x1a ./Core/Src/syscalls.o
                0x00000000080007bc                _read
 .text._write   0x00000000080007d6       0x1a ./Core/Src/syscalls.o
                0x00000000080007d6                _write
 .text._close   0x00000000080007f0        0x6 ./Core/Src/syscalls.o
                0x00000000080007f0                _close
 .text._fstat   0x00000000080007f6        0xa ./Core/Src/syscalls.o
                0x00000000080007f6                _fstat
 .text._isatty  0x0000000008000800        0x4 ./Core/Src/syscalls.o
                0x0000000008000800                _isatty
 .text._lseek   0x0000000008000804        0x4 ./Core/Src/syscalls.o
                0x0000000008000804                _lseek
 .text._sbrk    0x0000000008000808       0x40 ./Core/Src/sysmem.o
                0x0000000008000808                _sbrk
 .text.SystemInit
                0x0000000008000848        0x2 ./Core/Src/system_stm32g0xx.o
                0x0000000008000848                SystemInit
 *fill*         0x000000000800084a        0x2 
 .text.MX_USART3_UART_Init
                0x000000000800084c       0x6c ./Core/Src/usart.o
                0x000000000800084c                MX_USART3_UART_Init
 .text.HAL_UART_MspInit
                0x00000000080008b8       0x84 ./Core/Src/usart.o
                0x00000000080008b8                HAL_UART_MspInit
 .text.Reset_Handler
                0x000000000800093c       0x50 ./Core/Startup/startup_stm32g0b1cbtx.o
                0x000000000800093c                Reset_Handler
 .text.Default_Handler
                0x000000000800098c        0x2 ./Core/Startup/startup_stm32g0b1cbtx.o
                0x000000000800098c                I2C2_3_IRQHandler
                0x000000000800098c                USART3_4_5_6_LPUART1_IRQHandler
                0x000000000800098c                TIM1_CC_IRQHandler
                0x000000000800098c                ADC1_COMP_IRQHandler
                0x000000000800098c                I2C1_IRQHandler
                0x000000000800098c                TIM7_LPTIM2_IRQHandler
                0x000000000800098c                TIM17_FDCAN_IT1_IRQHandler
                0x000000000800098c                DMA1_Ch4_7_DMA2_Ch1_5_DMAMUX1_OVR_IRQHandler
                0x000000000800098c                RCC_CRS_IRQHandler
                0x000000000800098c                RTC_TAMP_IRQHandler
                0x000000000800098c                SPI1_IRQHandler
                0x000000000800098c                USB_UCPD1_2_IRQHandler
                0x000000000800098c                EXTI2_3_IRQHandler
                0x000000000800098c                USART2_LPUART2_IRQHandler
                0x000000000800098c                PVD_VDDIO2_IRQHandler
                0x000000000800098c                EXTI4_15_IRQHandler
                0x000000000800098c                DMA1_Channel1_IRQHandler
                0x000000000800098c                Default_Handler
                0x000000000800098c                CEC_IRQHandler
                0x000000000800098c                TIM14_IRQHandler
                0x000000000800098c                TIM15_IRQHandler
                0x000000000800098c                TIM3_TIM4_IRQHandler
                0x000000000800098c                EXTI0_1_IRQHandler
                0x000000000800098c                SPI2_3_IRQHandler
                0x000000000800098c                TIM6_DAC_LPTIM1_IRQHandler
                0x000000000800098c                WWDG_IRQHandler
                0x000000000800098c                TIM2_IRQHandler
                0x000000000800098c                DMA1_Channel2_3_IRQHandler
                0x000000000800098c                FLASH_IRQHandler
                0x000000000800098c                USART1_IRQHandler
                0x000000000800098c                TIM1_BRK_UP_TRG_COM_IRQHandler
 *fill*         0x000000000800098e        0x2 
 .text.HAL_InitTick
                0x0000000008000990       0x50 ./Drivers/STM32G0xx_HAL_Driver/Src/stm32g0xx_hal.o
                0x0000000008000990                HAL_InitTick
 .text.HAL_Init
                0x00000000080009e0       0x28 ./Drivers/STM32G0xx_HAL_Driver/Src/stm32g0xx_hal.o
                0x00000000080009e0                HAL_Init
 .text.HAL_IncTick
                0x0000000008000a08       0x18 ./Drivers/STM32G0xx_HAL_Driver/Src/stm32g0xx_hal.o
                0x0000000008000a08                HAL_IncTick
 .text.HAL_GetTick
                0x0000000008000a20        0xc ./Drivers/STM32G0xx_HAL_Driver/Src/stm32g0xx_hal.o
                0x0000000008000a20                HAL_GetTick
 .text.HAL_Delay
                0x0000000008000a2c       0x24 ./Drivers/STM32G0xx_HAL_Driver/Src/stm32g0xx_hal.o
                0x0000000008000a2c                HAL_Delay
 .text.HAL_SYSCFG_StrobeDBattpinsConfig
                0x0000000008000a50       0x18 ./Drivers/STM32G0xx_HAL_Driver/Src/stm32g0xx_hal.o
                0x0000000008000a50                HAL_SYSCFG_StrobeDBattpinsConfig
 .text.HAL_NVIC_SetPriority
                0x0000000008000a68       0x54 ./Drivers/STM32G0xx_HAL_Driver/Src/stm32g0xx_hal_cortex.o
                0x0000000008000a68                HAL_NVIC_SetPriority
 .text.HAL_NVIC_EnableIRQ
                0x0000000008000abc       0x18 ./Drivers/STM32G0xx_HAL_Driver/Src/stm32g0xx_hal_cortex.o
                0x0000000008000abc                HAL_NVIC_EnableIRQ
 .text.HAL_SYSTICK_Config
                0x0000000008000ad4       0x34 ./Drivers/STM32G0xx_HAL_Driver/Src/stm32g0xx_hal_cortex.o
                0x0000000008000ad4                HAL_SYSTICK_Config
 .text.HAL_FDCAN_Init
                0x0000000008000b08      0x1a8 ./Drivers/STM32G0xx_HAL_Driver/Src/stm32g0xx_hal_fdcan.o
                0x0000000008000b08                HAL_FDCAN_Init
 .text.HAL_FDCAN_ConfigFilter
                0x0000000008000cb0       0x52 ./Drivers/STM32G0xx_HAL_Driver/Src/stm32g0xx_hal_fdcan.o
                0x0000000008000cb0                HAL_FDCAN_ConfigFilter
 .text.HAL_FDCAN_ConfigTxDelayCompensation
                0x0000000008000d02       0x22 ./Drivers/STM32G0xx_HAL_Driver/Src/stm32g0xx_hal_fdcan.o
                0x0000000008000d02                HAL_FDCAN_ConfigTxDelayCompensation
 .text.HAL_FDCAN_EnableTxDelayCompensation
                0x0000000008000d24       0x26 ./Drivers/STM32G0xx_HAL_Driver/Src/stm32g0xx_hal_fdcan.o
                0x0000000008000d24                HAL_FDCAN_EnableTxDelayCompensation
 .text.HAL_FDCAN_Start
                0x0000000008000d4a       0x2c ./Drivers/STM32G0xx_HAL_Driver/Src/stm32g0xx_hal_fdcan.o
                0x0000000008000d4a                HAL_FDCAN_Start
 *fill*         0x0000000008000d76        0x2 
 .text.HAL_FDCAN_AddMessageToTxFifoQ
                0x0000000008000d78       0xc8 ./Drivers/STM32G0xx_HAL_Driver/Src/stm32g0xx_hal_fdcan.o
                0x0000000008000d78                HAL_FDCAN_AddMessageToTxFifoQ
 .text.HAL_FDCAN_GetRxMessage
                0x0000000008000e40      0x11c ./Drivers/STM32G0xx_HAL_Driver/Src/stm32g0xx_hal_fdcan.o
                0x0000000008000e40                HAL_FDCAN_GetRxMessage
 .text.HAL_FDCAN_GetTxFifoFreeLevel
                0x0000000008000f5c        0xc ./Drivers/STM32G0xx_HAL_Driver/Src/stm32g0xx_hal_fdcan.o
                0x0000000008000f5c                HAL_FDCAN_GetTxFifoFreeLevel
 .text.HAL_FDCAN_ActivateNotification
                0x0000000008000f68       0xf8 ./Drivers/STM32G0xx_HAL_Driver/Src/stm32g0xx_hal_fdcan.o
                0x0000000008000f68                HAL_FDCAN_ActivateNotification
 .text.HAL_FDCAN_TxEventFifoCallback
                0x0000000008001060        0x2 ./Drivers/STM32G0xx_HAL_Driver/Src/stm32g0xx_hal_fdcan.o
                0x0000000008001060                HAL_FDCAN_TxEventFifoCallback
 .text.HAL_FDCAN_RxFifo1Callback
                0x0000000008001062        0x2 ./Drivers/STM32G0xx_HAL_Driver/Src/stm32g0xx_hal_fdcan.o
                0x0000000008001062                HAL_FDCAN_RxFifo1Callback
 .text.HAL_FDCAN_TxFifoEmptyCallback
                0x0000000008001064        0x2 ./Drivers/STM32G0xx_HAL_Driver/Src/stm32g0xx_hal_fdcan.o
                0x0000000008001064                HAL_FDCAN_TxFifoEmptyCallback
 .text.HAL_FDCAN_TxBufferCompleteCallback
                0x0000000008001066        0x2 ./Drivers/STM32G0xx_HAL_Driver/Src/stm32g0xx_hal_fdcan.o
                0x0000000008001066                HAL_FDCAN_TxBufferCompleteCallback
 .text.HAL_FDCAN_TxBufferAbortCallback
                0x0000000008001068        0x2 ./Drivers/STM32G0xx_HAL_Driver/Src/stm32g0xx_hal_fdcan.o
                0x0000000008001068                HAL_FDCAN_TxBufferAbortCallback
 .text.HAL_FDCAN_TimestampWraparoundCallback
                0x000000000800106a        0x2 ./Drivers/STM32G0xx_HAL_Driver/Src/stm32g0xx_hal_fdcan.o
                0x000000000800106a                HAL_FDCAN_TimestampWraparoundCallback
 .text.HAL_FDCAN_TimeoutOccurredCallback
                0x000000000800106c        0x2 ./Drivers/STM32G0xx_HAL_Driver/Src/stm32g0xx_hal_fdcan.o
                0x000000000800106c                HAL_FDCAN_TimeoutOccurredCallback
 .text.HAL_FDCAN_HighPriorityMessageCallback
                0x000000000800106e        0x2 ./Drivers/STM32G0xx_HAL_Driver/Src/stm32g0xx_hal_fdcan.o
                0x000000000800106e                HAL_FDCAN_HighPriorityMessageCallback
 .text.HAL_FDCAN_ErrorCallback
                0x0000000008001070        0x2 ./Drivers/STM32G0xx_HAL_Driver/Src/stm32g0xx_hal_fdcan.o
                0x0000000008001070                HAL_FDCAN_ErrorCallback
 .text.HAL_FDCAN_ErrorStatusCallback
                0x0000000008001072        0x2 ./Drivers/STM32G0xx_HAL_Driver/Src/stm32g0xx_hal_fdcan.o
                0x0000000008001072                HAL_FDCAN_ErrorStatusCallback
 .text.HAL_FDCAN_IRQHandler
                0x0000000008001074      0x166 ./Drivers/STM32G0xx_HAL_Driver/Src/stm32g0xx_hal_fdcan.o
                0x0000000008001074                HAL_FDCAN_IRQHandler
 .text.HAL_GPIO_Init
                0x00000000080011da       0x8c ./Drivers/STM32G0xx_HAL_Driver/Src/stm32g0xx_hal_gpio.o
                0x00000000080011da                HAL_GPIO_Init
 .text.HAL_GPIO_WritePin
                0x0000000008001266        0xc ./Drivers/STM32G0xx_HAL_Driver/Src/stm32g0xx_hal_gpio.o
                0x0000000008001266                HAL_GPIO_WritePin
 *fill*         0x0000000008001272        0x2 
 .text.HAL_PWREx_ControlVoltageScaling
                0x0000000008001274       0x58 ./Drivers/STM32G0xx_HAL_Driver/Src/stm32g0xx_hal_pwr_ex.o
                0x0000000008001274                HAL_PWREx_ControlVoltageScaling
 .text.HAL_RCC_OscConfig
                0x00000000080012cc      0x194 ./Drivers/STM32G0xx_HAL_Driver/Src/stm32g0xx_hal_rcc.o
                0x00000000080012cc                HAL_RCC_OscConfig
 .text.HAL_RCC_GetSysClockFreq
                0x0000000008001460       0x88 ./Drivers/STM32G0xx_HAL_Driver/Src/stm32g0xx_hal_rcc.o
                0x0000000008001460                HAL_RCC_GetSysClockFreq
 .text.HAL_RCC_ClockConfig
                0x00000000080014e8      0x15c ./Drivers/STM32G0xx_HAL_Driver/Src/stm32g0xx_hal_rcc.o
                0x00000000080014e8                HAL_RCC_ClockConfig
 .text.HAL_RCC_GetPCLK1Freq
                0x0000000008001644       0x28 ./Drivers/STM32G0xx_HAL_Driver/Src/stm32g0xx_hal_rcc.o
                0x0000000008001644                HAL_RCC_GetPCLK1Freq
 .text.HAL_RCCEx_PeriphCLKConfig
                0x000000000800166c       0x48 ./Drivers/STM32G0xx_HAL_Driver/Src/stm32g0xx_hal_rcc_ex.o
                0x000000000800166c                HAL_RCCEx_PeriphCLKConfig
 .text.UART_EndRxTransfer
                0x00000000080016b4       0x64 ./Drivers/STM32G0xx_HAL_Driver/Src/stm32g0xx_hal_uart.o
 .text.UART_SetConfig
                0x0000000008001718       0xb4 ./Drivers/STM32G0xx_HAL_Driver/Src/stm32g0xx_hal_uart.o
                0x0000000008001718                UART_SetConfig
 .text.UART_AdvFeatureConfig
                0x00000000080017cc       0xd0 ./Drivers/STM32G0xx_HAL_Driver/Src/stm32g0xx_hal_uart.o
                0x00000000080017cc                UART_AdvFeatureConfig
 .text.UART_WaitOnFlagUntilTimeout
                0x000000000800189c       0x94 ./Drivers/STM32G0xx_HAL_Driver/Src/stm32g0xx_hal_uart.o
                0x000000000800189c                UART_WaitOnFlagUntilTimeout
 .text.HAL_UART_Transmit
                0x0000000008001930       0xd6 ./Drivers/STM32G0xx_HAL_Driver/Src/stm32g0xx_hal_uart.o
                0x0000000008001930                HAL_UART_Transmit
 *fill*         0x0000000008001a06        0x2 
 .text.UART_CheckIdleState
                0x0000000008001a08       0xc8 ./Drivers/STM32G0xx_HAL_Driver/Src/stm32g0xx_hal_uart.o
                0x0000000008001a08                UART_CheckIdleState
 .text.HAL_UART_Init
                0x0000000008001ad0       0x68 ./Drivers/STM32G0xx_HAL_Driver/Src/stm32g0xx_hal_uart.o
                0x0000000008001ad0                HAL_UART_Init
 .text.UARTEx_SetNbDataToProcess
                0x0000000008001b38       0x50 ./Drivers/STM32G0xx_HAL_Driver/Src/stm32g0xx_hal_uart_ex.o
 .text.HAL_UARTEx_DisableFifoMode
                0x0000000008001b88       0x3c ./Drivers/STM32G0xx_HAL_Driver/Src/stm32g0xx_hal_uart_ex.o
                0x0000000008001b88                HAL_UARTEx_DisableFifoMode
 .text.HAL_UARTEx_SetTxFifoThreshold
                0x0000000008001bc4       0x40 ./Drivers/STM32G0xx_HAL_Driver/Src/stm32g0xx_hal_uart_ex.o
                0x0000000008001bc4                HAL_UARTEx_SetTxFifoThreshold
 .text.HAL_UARTEx_SetRxFifoThreshold
                0x0000000008001c04       0x44 ./Drivers/STM32G0xx_HAL_Driver/Src/stm32g0xx_hal_uart_ex.o
                0x0000000008001c04                HAL_UARTEx_SetRxFifoThreshold
 .text.enterNormalMode
                0x0000000008001c48       0x20 ./app/Bsp/Bsp.o
                0x0000000008001c48                enterNormalMode
 .text.FDCAN_Config
                0x0000000008001c68       0x60 ./app/FDCAN_Flash/FDCAN_Flash_host.o
                0x0000000008001c68                FDCAN_Config
 .text.FDCAN_Enable
                0x0000000008001cc8       0x80 ./app/FDCAN_Flash/FDCAN_Flash_host.o
                0x0000000008001cc8                FDCAN_Enable
 .text.FDCAN_SendByte
                0x0000000008001d48       0x48 ./app/FDCAN_Flash/FDCAN_Flash_host.o
                0x0000000008001d48                FDCAN_SendByte
 .text.FDCAN_SendBytes
                0x0000000008001d90       0x40 ./app/FDCAN_Flash/FDCAN_Flash_host.o
                0x0000000008001d90                FDCAN_SendBytes
 .text.getNextPos
                0x0000000008001dd0       0x14 ./app/FDCAN_Flash/FDCAN_Flash_host.o
                0x0000000008001dd0                getNextPos
 .text.write    0x0000000008001de4       0x44 ./app/FDCAN_Flash/FDCAN_Flash_host.o
                0x0000000008001de4                write
 .text.HAL_FDCAN_RxFifo0Callback
                0x0000000008001e28       0x24 ./app/FDCAN_Flash/FDCAN_Flash_host.o
                0x0000000008001e28                HAL_FDCAN_RxFifo0Callback
 .text.read     0x0000000008001e4c       0x3c ./app/FDCAN_Flash/FDCAN_Flash_host.o
                0x0000000008001e4c                read
 .text.FDCAN_ReadByte
                0x0000000008001e88       0x2c ./app/FDCAN_Flash/FDCAN_Flash_host.o
                0x0000000008001e88                FDCAN_ReadByte
 .text.FDCAN_ReadBytes
                0x0000000008001eb4       0x30 ./app/FDCAN_Flash/FDCAN_Flash_host.o
                0x0000000008001eb4                FDCAN_ReadBytes
 .text.FDCAN_GetCommand
                0x0000000008001ee4       0x74 ./app/FDCAN_Flash/FDCAN_Flash_host.o
                0x0000000008001ee4                FDCAN_GetCommand
 .text.FDCAN_GetID
                0x0000000008001f58       0x64 ./app/FDCAN_Flash/FDCAN_Flash_host.o
                0x0000000008001f58                FDCAN_GetID
 .text.FDCAN_WriteMemory
                0x0000000008001fbc       0x84 ./app/FDCAN_Flash/FDCAN_Flash_host.o
                0x0000000008001fbc                FDCAN_WriteMemory
 .text.FDCAN_EraseMemory
                0x0000000008002040       0x70 ./app/FDCAN_Flash/FDCAN_Flash_host.o
                0x0000000008002040                FDCAN_EraseMemory
 .text.FDCAN_Go
                0x00000000080020b0       0x68 ./app/FDCAN_Flash/FDCAN_Flash_host.o
                0x00000000080020b0                FDCAN_Go
 .text.std      0x0000000008002118       0x6c D:/STM32CubeIDE_1.14.0/STM32CubeIDE/plugins/com.st.stm32cube.ide.mcu.externaltools.gnu-tools-for-stm32.11.3.rel1.win32_1.1.100.202309141235/tools/bin/../lib/gcc/arm-none-eabi/11.3.1/../../../../arm-none-eabi/lib/thumb/v6-m/nofp\libc_nano.a(libc_a-findfp.o)
 .text.stdio_exit_handler
                0x0000000008002184       0x1c D:/STM32CubeIDE_1.14.0/STM32CubeIDE/plugins/com.st.stm32cube.ide.mcu.externaltools.gnu-tools-for-stm32.11.3.rel1.win32_1.1.100.202309141235/tools/bin/../lib/gcc/arm-none-eabi/11.3.1/../../../../arm-none-eabi/lib/thumb/v6-m/nofp\libc_nano.a(libc_a-findfp.o)
 .text.cleanup_stdio
                0x00000000080021a0       0x3c D:/STM32CubeIDE_1.14.0/STM32CubeIDE/plugins/com.st.stm32cube.ide.mcu.externaltools.gnu-tools-for-stm32.11.3.rel1.win32_1.1.100.202309141235/tools/bin/../lib/gcc/arm-none-eabi/11.3.1/../../../../arm-none-eabi/lib/thumb/v6-m/nofp\libc_nano.a(libc_a-findfp.o)
 .text.global_stdio_init.part.0
                0x00000000080021dc       0x3c D:/STM32CubeIDE_1.14.0/STM32CubeIDE/plugins/com.st.stm32cube.ide.mcu.externaltools.gnu-tools-for-stm32.11.3.rel1.win32_1.1.100.202309141235/tools/bin/../lib/gcc/arm-none-eabi/11.3.1/../../../../arm-none-eabi/lib/thumb/v6-m/nofp\libc_nano.a(libc_a-findfp.o)
 .text.__sfp_lock_acquire
                0x0000000008002218       0x10 D:/STM32CubeIDE_1.14.0/STM32CubeIDE/plugins/com.st.stm32cube.ide.mcu.externaltools.gnu-tools-for-stm32.11.3.rel1.win32_1.1.100.202309141235/tools/bin/../lib/gcc/arm-none-eabi/11.3.1/../../../../arm-none-eabi/lib/thumb/v6-m/nofp\libc_nano.a(libc_a-findfp.o)
                0x0000000008002218                __sfp_lock_acquire
 .text.__sfp_lock_release
                0x0000000008002228       0x10 D:/STM32CubeIDE_1.14.0/STM32CubeIDE/plugins/com.st.stm32cube.ide.mcu.externaltools.gnu-tools-for-stm32.11.3.rel1.win32_1.1.100.202309141235/tools/bin/../lib/gcc/arm-none-eabi/11.3.1/../../../../arm-none-eabi/lib/thumb/v6-m/nofp\libc_nano.a(libc_a-findfp.o)
                0x0000000008002228                __sfp_lock_release
 .text.__sinit  0x0000000008002238       0x30 D:/STM32CubeIDE_1.14.0/STM32CubeIDE/plugins/com.st.stm32cube.ide.mcu.externaltools.gnu-tools-for-stm32.11.3.rel1.win32_1.1.100.202309141235/tools/bin/../lib/gcc/arm-none-eabi/11.3.1/../../../../arm-none-eabi/lib/thumb/v6-m/nofp\libc_nano.a(libc_a-findfp.o)
                0x0000000008002238                __sinit
 .text._fwalk_sglue
                0x0000000008002268       0x38 D:/STM32CubeIDE_1.14.0/STM32CubeIDE/plugins/com.st.stm32cube.ide.mcu.externaltools.gnu-tools-for-stm32.11.3.rel1.win32_1.1.100.202309141235/tools/bin/../lib/gcc/arm-none-eabi/11.3.1/../../../../arm-none-eabi/lib/thumb/v6-m/nofp\libc_nano.a(libc_a-fwalk.o)
                0x0000000008002268                _fwalk_sglue
 .text._puts_r  0x00000000080022a0       0xac D:/STM32CubeIDE_1.14.0/STM32CubeIDE/plugins/com.st.stm32cube.ide.mcu.externaltools.gnu-tools-for-stm32.11.3.rel1.win32_1.1.100.202309141235/tools/bin/../lib/gcc/arm-none-eabi/11.3.1/../../../../arm-none-eabi/lib/thumb/v6-m/nofp\libc_nano.a(libc_a-puts.o)
                0x00000000080022a0                _puts_r
 .text.puts     0x000000000800234c       0x14 D:/STM32CubeIDE_1.14.0/STM32CubeIDE/plugins/com.st.stm32cube.ide.mcu.externaltools.gnu-tools-for-stm32.11.3.rel1.win32_1.1.100.202309141235/tools/bin/../lib/gcc/arm-none-eabi/11.3.1/../../../../arm-none-eabi/lib/thumb/v6-m/nofp\libc_nano.a(libc_a-puts.o)
                0x000000000800234c                puts
 .text.__sread  0x0000000008002360       0x28 D:/STM32CubeIDE_1.14.0/STM32CubeIDE/plugins/com.st.stm32cube.ide.mcu.externaltools.gnu-tools-for-stm32.11.3.rel1.win32_1.1.100.202309141235/tools/bin/../lib/gcc/arm-none-eabi/11.3.1/../../../../arm-none-eabi/lib/thumb/v6-m/nofp\libc_nano.a(libc_a-stdio.o)
                0x0000000008002360                __sread
 .text.__swrite
                0x0000000008002388       0x38 D:/STM32CubeIDE_1.14.0/STM32CubeIDE/plugins/com.st.stm32cube.ide.mcu.externaltools.gnu-tools-for-stm32.11.3.rel1.win32_1.1.100.202309141235/tools/bin/../lib/gcc/arm-none-eabi/11.3.1/../../../../arm-none-eabi/lib/thumb/v6-m/nofp\libc_nano.a(libc_a-stdio.o)
                0x0000000008002388                __swrite
 .text.__sseek  0x00000000080023c0       0x2c D:/STM32CubeIDE_1.14.0/STM32CubeIDE/plugins/com.st.stm32cube.ide.mcu.externaltools.gnu-tools-for-stm32.11.3.rel1.win32_1.1.100.202309141235/tools/bin/../lib/gcc/arm-none-eabi/11.3.1/../../../../arm-none-eabi/lib/thumb/v6-m/nofp\libc_nano.a(libc_a-stdio.o)
                0x00000000080023c0                __sseek
 .text.__sclose
                0x00000000080023ec        0xc D:/STM32CubeIDE_1.14.0/STM32CubeIDE/plugins/com.st.stm32cube.ide.mcu.externaltools.gnu-tools-for-stm32.11.3.rel1.win32_1.1.100.202309141235/tools/bin/../lib/gcc/arm-none-eabi/11.3.1/../../../../arm-none-eabi/lib/thumb/v6-m/nofp\libc_nano.a(libc_a-stdio.o)
                0x00000000080023ec                __sclose
 .text.__swbuf_r
                0x00000000080023f8       0x84 D:/STM32CubeIDE_1.14.0/STM32CubeIDE/plugins/com.st.stm32cube.ide.mcu.externaltools.gnu-tools-for-stm32.11.3.rel1.win32_1.1.100.202309141235/tools/bin/../lib/gcc/arm-none-eabi/11.3.1/../../../../arm-none-eabi/lib/thumb/v6-m/nofp\libc_nano.a(libc_a-wbuf.o)
                0x00000000080023f8                __swbuf_r
 .text.__swsetup_r
                0x000000000800247c       0xc8 D:/STM32CubeIDE_1.14.0/STM32CubeIDE/plugins/com.st.stm32cube.ide.mcu.externaltools.gnu-tools-for-stm32.11.3.rel1.win32_1.1.100.202309141235/tools/bin/../lib/gcc/arm-none-eabi/11.3.1/../../../../arm-none-eabi/lib/thumb/v6-m/nofp\libc_nano.a(libc_a-wsetup.o)
                0x000000000800247c                __swsetup_r
 .text.memset   0x0000000008002544       0x10 D:/STM32CubeIDE_1.14.0/STM32CubeIDE/plugins/com.st.stm32cube.ide.mcu.externaltools.gnu-tools-for-stm32.11.3.rel1.win32_1.1.100.202309141235/tools/bin/../lib/gcc/arm-none-eabi/11.3.1/../../../../arm-none-eabi/lib/thumb/v6-m/nofp\libc_nano.a(libc_a-memset.o)
                0x0000000008002544                memset
 .text._close_r
                0x0000000008002554       0x24 D:/STM32CubeIDE_1.14.0/STM32CubeIDE/plugins/com.st.stm32cube.ide.mcu.externaltools.gnu-tools-for-stm32.11.3.rel1.win32_1.1.100.202309141235/tools/bin/../lib/gcc/arm-none-eabi/11.3.1/../../../../arm-none-eabi/lib/thumb/v6-m/nofp\libc_nano.a(libc_a-closer.o)
                0x0000000008002554                _close_r
 .text._lseek_r
                0x0000000008002578       0x28 D:/STM32CubeIDE_1.14.0/STM32CubeIDE/plugins/com.st.stm32cube.ide.mcu.externaltools.gnu-tools-for-stm32.11.3.rel1.win32_1.1.100.202309141235/tools/bin/../lib/gcc/arm-none-eabi/11.3.1/../../../../arm-none-eabi/lib/thumb/v6-m/nofp\libc_nano.a(libc_a-lseekr.o)
                0x0000000008002578                _lseek_r
 .text._read_r  0x00000000080025a0       0x28 D:/STM32CubeIDE_1.14.0/STM32CubeIDE/plugins/com.st.stm32cube.ide.mcu.externaltools.gnu-tools-for-stm32.11.3.rel1.win32_1.1.100.202309141235/tools/bin/../lib/gcc/arm-none-eabi/11.3.1/../../../../arm-none-eabi/lib/thumb/v6-m/nofp\libc_nano.a(libc_a-readr.o)
                0x00000000080025a0                _read_r
 .text._write_r
                0x00000000080025c8       0x28 D:/STM32CubeIDE_1.14.0/STM32CubeIDE/plugins/com.st.stm32cube.ide.mcu.externaltools.gnu-tools-for-stm32.11.3.rel1.win32_1.1.100.202309141235/tools/bin/../lib/gcc/arm-none-eabi/11.3.1/../../../../arm-none-eabi/lib/thumb/v6-m/nofp\libc_nano.a(libc_a-writer.o)
                0x00000000080025c8                _write_r
 .text.__errno  0x00000000080025f0        0xc D:/STM32CubeIDE_1.14.0/STM32CubeIDE/plugins/com.st.stm32cube.ide.mcu.externaltools.gnu-tools-for-stm32.11.3.rel1.win32_1.1.100.202309141235/tools/bin/../lib/gcc/arm-none-eabi/11.3.1/../../../../arm-none-eabi/lib/thumb/v6-m/nofp\libc_nano.a(libc_a-errno.o)
                0x00000000080025f0                __errno
 .text.__libc_init_array
                0x00000000080025fc       0x48 D:/STM32CubeIDE_1.14.0/STM32CubeIDE/plugins/com.st.stm32cube.ide.mcu.externaltools.gnu-tools-for-stm32.11.3.rel1.win32_1.1.100.202309141235/tools/bin/../lib/gcc/arm-none-eabi/11.3.1/../../../../arm-none-eabi/lib/thumb/v6-m/nofp\libc_nano.a(libc_a-init.o)
                0x00000000080025fc                __libc_init_array
 .text.__retarget_lock_init_recursive
                0x0000000008002644        0x2 D:/STM32CubeIDE_1.14.0/STM32CubeIDE/plugins/com.st.stm32cube.ide.mcu.externaltools.gnu-tools-for-stm32.11.3.rel1.win32_1.1.100.202309141235/tools/bin/../lib/gcc/arm-none-eabi/11.3.1/../../../../arm-none-eabi/lib/thumb/v6-m/nofp\libc_nano.a(libc_a-lock.o)
                0x0000000008002644                __retarget_lock_init_recursive
 .text.__retarget_lock_acquire_recursive
                0x0000000008002646        0x2 D:/STM32CubeIDE_1.14.0/STM32CubeIDE/plugins/com.st.stm32cube.ide.mcu.externaltools.gnu-tools-for-stm32.11.3.rel1.win32_1.1.100.202309141235/tools/bin/../lib/gcc/arm-none-eabi/11.3.1/../../../../arm-none-eabi/lib/thumb/v6-m/nofp\libc_nano.a(libc_a-lock.o)
                0x0000000008002646                __retarget_lock_acquire_recursive
 .text.__retarget_lock_release_recursive
                0x0000000008002648        0x2 D:/STM32CubeIDE_1.14.0/STM32CubeIDE/plugins/com.st.stm32cube.ide.mcu.externaltools.gnu-tools-for-stm32.11.3.rel1.win32_1.1.100.202309141235/tools/bin/../lib/gcc/arm-none-eabi/11.3.1/../../../../arm-none-eabi/lib/thumb/v6-m/nofp\libc_nano.a(libc_a-lock.o)
                0x0000000008002648                __retarget_lock_release_recursive
 .text.memcpy   0x000000000800264a       0x12 D:/STM32CubeIDE_1.14.0/STM32CubeIDE/plugins/com.st.stm32cube.ide.mcu.externaltools.gnu-tools-for-stm32.11.3.rel1.win32_1.1.100.202309141235/tools/bin/../lib/gcc/arm-none-eabi/11.3.1/../../../../arm-none-eabi/lib/thumb/v6-m/nofp\libc_nano.a(libc_a-memcpy-stub.o)
                0x000000000800264a                memcpy
 .text._free_r  0x000000000800265c       0x94 D:/STM32CubeIDE_1.14.0/STM32CubeIDE/plugins/com.st.stm32cube.ide.mcu.externaltools.gnu-tools-for-stm32.11.3.rel1.win32_1.1.100.202309141235/tools/bin/../lib/gcc/arm-none-eabi/11.3.1/../../../../arm-none-eabi/lib/thumb/v6-m/nofp\libc_nano.a(libc_a-freer.o)
                0x000000000800265c                _free_r
 .text.sbrk_aligned
                0x00000000080026f0       0x44 D:/STM32CubeIDE_1.14.0/STM32CubeIDE/plugins/com.st.stm32cube.ide.mcu.externaltools.gnu-tools-for-stm32.11.3.rel1.win32_1.1.100.202309141235/tools/bin/../lib/gcc/arm-none-eabi/11.3.1/../../../../arm-none-eabi/lib/thumb/v6-m/nofp\libc_nano.a(libc_a-mallocr.o)
 .text._malloc_r
                0x0000000008002734      0x104 D:/STM32CubeIDE_1.14.0/STM32CubeIDE/plugins/com.st.stm32cube.ide.mcu.externaltools.gnu-tools-for-stm32.11.3.rel1.win32_1.1.100.202309141235/tools/bin/../lib/gcc/arm-none-eabi/11.3.1/../../../../arm-none-eabi/lib/thumb/v6-m/nofp\libc_nano.a(libc_a-mallocr.o)
                0x0000000008002734                _malloc_r
 .text.__malloc_lock
                0x0000000008002838       0x10 D:/STM32CubeIDE_1.14.0/STM32CubeIDE/plugins/com.st.stm32cube.ide.mcu.externaltools.gnu-tools-for-stm32.11.3.rel1.win32_1.1.100.202309141235/tools/bin/../lib/gcc/arm-none-eabi/11.3.1/../../../../arm-none-eabi/lib/thumb/v6-m/nofp\libc_nano.a(libc_a-mlock.o)
                0x0000000008002838                __malloc_lock
 .text.__malloc_unlock
                0x0000000008002848       0x10 D:/STM32CubeIDE_1.14.0/STM32CubeIDE/plugins/com.st.stm32cube.ide.mcu.externaltools.gnu-tools-for-stm32.11.3.rel1.win32_1.1.100.202309141235/tools/bin/../lib/gcc/arm-none-eabi/11.3.1/../../../../arm-none-eabi/lib/thumb/v6-m/nofp\libc_nano.a(libc_a-mlock.o)
                0x0000000008002848                __malloc_unlock
 .text.__sflush_r
                0x0000000008002858      0x114 D:/STM32CubeIDE_1.14.0/STM32CubeIDE/plugins/com.st.stm32cube.ide.mcu.externaltools.gnu-tools-for-stm32.11.3.rel1.win32_1.1.100.202309141235/tools/bin/../lib/gcc/arm-none-eabi/11.3.1/../../../../arm-none-eabi/lib/thumb/v6-m/nofp\libc_nano.a(libc_a-fflush.o)
                0x0000000008002858                __sflush_r
 .text._fflush_r
                0x000000000800296c       0x56 D:/STM32CubeIDE_1.14.0/STM32CubeIDE/plugins/com.st.stm32cube.ide.mcu.externaltools.gnu-tools-for-stm32.11.3.rel1.win32_1.1.100.202309141235/tools/bin/../lib/gcc/arm-none-eabi/11.3.1/../../../../arm-none-eabi/lib/thumb/v6-m/nofp\libc_nano.a(libc_a-fflush.o)
                0x000000000800296c                _fflush_r
 *fill*         0x00000000080029c2        0x2 
 .text.__swhatbuf_r
                0x00000000080029c4       0x50 D:/STM32CubeIDE_1.14.0/STM32CubeIDE/plugins/com.st.stm32cube.ide.mcu.externaltools.gnu-tools-for-stm32.11.3.rel1.win32_1.1.100.202309141235/tools/bin/../lib/gcc/arm-none-eabi/11.3.1/../../../../arm-none-eabi/lib/thumb/v6-m/nofp\libc_nano.a(libc_a-makebuf.o)
                0x00000000080029c4                __swhatbuf_r
 .text.__smakebuf_r
                0x0000000008002a14       0x7c D:/STM32CubeIDE_1.14.0/STM32CubeIDE/plugins/com.st.stm32cube.ide.mcu.externaltools.gnu-tools-for-stm32.11.3.rel1.win32_1.1.100.202309141235/tools/bin/../lib/gcc/arm-none-eabi/11.3.1/../../../../arm-none-eabi/lib/thumb/v6-m/nofp\libc_nano.a(libc_a-makebuf.o)
                0x0000000008002a14                __smakebuf_r
 .text._fstat_r
                0x0000000008002a90       0x24 D:/STM32CubeIDE_1.14.0/STM32CubeIDE/plugins/com.st.stm32cube.ide.mcu.externaltools.gnu-tools-for-stm32.11.3.rel1.win32_1.1.100.202309141235/tools/bin/../lib/gcc/arm-none-eabi/11.3.1/../../../../arm-none-eabi/lib/thumb/v6-m/nofp\libc_nano.a(libc_a-fstatr.o)
                0x0000000008002a90                _fstat_r
 .text._isatty_r
                0x0000000008002ab4       0x24 D:/STM32CubeIDE_1.14.0/STM32CubeIDE/plugins/com.st.stm32cube.ide.mcu.externaltools.gnu-tools-for-stm32.11.3.rel1.win32_1.1.100.202309141235/tools/bin/../lib/gcc/arm-none-eabi/11.3.1/../../../../arm-none-eabi/lib/thumb/v6-m/nofp\libc_nano.a(libc_a-isattyr.o)
                0x0000000008002ab4                _isatty_r
 .text._sbrk_r  0x0000000008002ad8       0x24 D:/STM32CubeIDE_1.14.0/STM32CubeIDE/plugins/com.st.stm32cube.ide.mcu.externaltools.gnu-tools-for-stm32.11.3.rel1.win32_1.1.100.202309141235/tools/bin/../lib/gcc/arm-none-eabi/11.3.1/../../../../arm-none-eabi/lib/thumb/v6-m/nofp\libc_nano.a(libc_a-sbrkr.o)
                0x0000000008002ad8                _sbrk_r
 *(.glue_7)
 .glue_7        0x0000000008002afc        0x0 linker stubs
 *(.glue_7t)
 .glue_7t       0x0000000008002afc        0x0 linker stubs
 *(.eh_frame)
 .eh_frame      0x0000000008002afc        0x0 D:/STM32CubeIDE_1.14.0/STM32CubeIDE/plugins/com.st.stm32cube.ide.mcu.externaltools.gnu-tools-for-stm32.11.3.rel1.win32_1.1.100.202309141235/tools/bin/../lib/gcc/arm-none-eabi/11.3.1/thumb/v6-m/nofp/crtbegin.o
 *(.init)
 .init          0x0000000008002afc        0x4 D:/STM32CubeIDE_1.14.0/STM32CubeIDE/plugins/com.st.stm32cube.ide.mcu.externaltools.gnu-tools-for-stm32.11.3.rel1.win32_1.1.100.202309141235/tools/bin/../lib/gcc/arm-none-eabi/11.3.1/thumb/v6-m/nofp/crti.o
                0x0000000008002afc                _init
 .init          0x0000000008002b00        0x8 D:/STM32CubeIDE_1.14.0/STM32CubeIDE/plugins/com.st.stm32cube.ide.mcu.externaltools.gnu-tools-for-stm32.11.3.rel1.win32_1.1.100.202309141235/tools/bin/../lib/gcc/arm-none-eabi/11.3.1/thumb/v6-m/nofp/crtn.o
 *(.fini)
 .fini          0x0000000008002b08        0x4 D:/STM32CubeIDE_1.14.0/STM32CubeIDE/plugins/com.st.stm32cube.ide.mcu.externaltools.gnu-tools-for-stm32.11.3.rel1.win32_1.1.100.202309141235/tools/bin/../lib/gcc/arm-none-eabi/11.3.1/thumb/v6-m/nofp/crti.o
                0x0000000008002b08                _fini
 .fini          0x0000000008002b0c        0x8 D:/STM32CubeIDE_1.14.0/STM32CubeIDE/plugins/com.st.stm32cube.ide.mcu.externaltools.gnu-tools-for-stm32.11.3.rel1.win32_1.1.100.202309141235/tools/bin/../lib/gcc/arm-none-eabi/11.3.1/thumb/v6-m/nofp/crtn.o
                0x0000000008002b14                . = ALIGN (0x4)
                0x0000000008002b14                _etext = .

.vfp11_veneer   0x0000000008002b14        0x0
 .vfp11_veneer  0x0000000008002b14        0x0 linker stubs

.v4_bx          0x0000000008002b14        0x0
 .v4_bx         0x0000000008002b14        0x0 linker stubs

.iplt           0x0000000008002b14        0x0
 .iplt          0x0000000008002b14        0x0 D:/STM32CubeIDE_1.14.0/STM32CubeIDE/plugins/com.st.stm32cube.ide.mcu.externaltools.gnu-tools-for-stm32.11.3.rel1.win32_1.1.100.202309141235/tools/bin/../lib/gcc/arm-none-eabi/11.3.1/thumb/v6-m/nofp/crtbegin.o

.rodata         0x0000000008002b14      0x14c
                0x0000000008002b14                . = ALIGN (0x4)
 *(.rodata)
 .rodata        0x0000000008002b14        0x5 ./Core/Src/main.o
 *(.rodata*)
 .rodata.main.str1.1
                0x0000000008002b19        0x5 ./Core/Src/main.o
 *fill*         0x0000000008002b1e        0x2 
 .rodata.AHBPrescTable
                0x0000000008002b20       0x40 ./Core/Src/system_stm32g0xx.o
                0x0000000008002b20                AHBPrescTable
 .rodata.APBPrescTable
                0x0000000008002b60       0x20 ./Core/Src/system_stm32g0xx.o
                0x0000000008002b60                APBPrescTable
 .rodata.DLCtoBytes
                0x0000000008002b80       0x10 ./Drivers/STM32G0xx_HAL_Driver/Src/stm32g0xx_hal_fdcan.o
 .rodata.UARTPrescTable
                0x0000000008002b90       0x18 ./Drivers/STM32G0xx_HAL_Driver/Src/stm32g0xx_hal_uart.o
                0x0000000008002b90                UARTPrescTable
 .rodata.denominator.0
                0x0000000008002ba8        0x8 ./Drivers/STM32G0xx_HAL_Driver/Src/stm32g0xx_hal_uart_ex.o
 .rodata.numerator.1
                0x0000000008002bb0        0x8 ./Drivers/STM32G0xx_HAL_Driver/Src/stm32g0xx_hal_uart_ex.o
 .rodata.FDCAN_ReadByte.str1.1
                0x0000000008002bb8       0x10 ./app/FDCAN_Flash/FDCAN_Flash_host.o
 .rodata.FDCAN_GetCommand.str1.1
                0x0000000008002bc8       0x2b ./app/FDCAN_Flash/FDCAN_Flash_host.o
 .rodata.FDCAN_GetID.str1.1
                0x0000000008002bf3       0x1b ./app/FDCAN_Flash/FDCAN_Flash_host.o
 .rodata.FDCAN_WriteMemory.str1.1
                0x0000000008002c0e       0x27 ./app/FDCAN_Flash/FDCAN_Flash_host.o
 .rodata.FDCAN_EraseMemory.str1.1
                0x0000000008002c35       0x15 ./app/FDCAN_Flash/FDCAN_Flash_host.o
 .rodata.FDCAN_Go.str1.1
                0x0000000008002c4a       0x15 ./app/FDCAN_Flash/FDCAN_Flash_host.o
                0x0000000008002c60                . = ALIGN (0x4)
 *fill*         0x0000000008002c5f        0x1 

.rel.dyn        0x0000000008002c60        0x0
 .rel.iplt      0x0000000008002c60        0x0 D:/STM32CubeIDE_1.14.0/STM32CubeIDE/plugins/com.st.stm32cube.ide.mcu.externaltools.gnu-tools-for-stm32.11.3.rel1.win32_1.1.100.202309141235/tools/bin/../lib/gcc/arm-none-eabi/11.3.1/thumb/v6-m/nofp/crtbegin.o

.ARM.extab      0x0000000008002c60        0x0
                0x0000000008002c60                . = ALIGN (0x4)
 *(.ARM.extab* .gnu.linkonce.armextab.*)
                0x0000000008002c60                . = ALIGN (0x4)

.ARM            0x0000000008002c60        0x0
                0x0000000008002c60                . = ALIGN (0x4)
                0x0000000008002c60                __exidx_start = .
 *(.ARM.exidx*)
                0x0000000008002c60                __exidx_end = .
                0x0000000008002c60                . = ALIGN (0x4)

.preinit_array  0x0000000008002c60        0x0
                0x0000000008002c60                . = ALIGN (0x4)
                0x0000000008002c60                PROVIDE (__preinit_array_start = .)
 *(.preinit_array*)
                0x0000000008002c60                PROVIDE (__preinit_array_end = .)
                0x0000000008002c60                . = ALIGN (0x4)

.init_array     0x0000000008002c60        0x4
                0x0000000008002c60                . = ALIGN (0x4)
                0x0000000008002c60                PROVIDE (__init_array_start = .)
 *(SORT_BY_NAME(.init_array.*))
 *(.init_array*)
 .init_array    0x0000000008002c60        0x4 D:/STM32CubeIDE_1.14.0/STM32CubeIDE/plugins/com.st.stm32cube.ide.mcu.externaltools.gnu-tools-for-stm32.11.3.rel1.win32_1.1.100.202309141235/tools/bin/../lib/gcc/arm-none-eabi/11.3.1/thumb/v6-m/nofp/crtbegin.o
                0x0000000008002c64                PROVIDE (__init_array_end = .)
                0x0000000008002c64                . = ALIGN (0x4)

.fini_array     0x0000000008002c64        0x4
                0x0000000008002c64                . = ALIGN (0x4)
                [!provide]                        PROVIDE (__fini_array_start = .)
 *(SORT_BY_NAME(.fini_array.*))
 *(.fini_array*)
 .fini_array    0x0000000008002c64        0x4 D:/STM32CubeIDE_1.14.0/STM32CubeIDE/plugins/com.st.stm32cube.ide.mcu.externaltools.gnu-tools-for-stm32.11.3.rel1.win32_1.1.100.202309141235/tools/bin/../lib/gcc/arm-none-eabi/11.3.1/thumb/v6-m/nofp/crtbegin.o
                [!provide]                        PROVIDE (__fini_array_end = .)
                0x0000000008002c68                . = ALIGN (0x4)
                0x0000000008002c68                _sidata = LOADADDR (.data)

.data           0x0000000020000000       0x6c load address 0x0000000008002c68
                0x0000000020000000                . = ALIGN (0x4)
                0x0000000020000000                _sdata = .
 *(.data)
 *(.data*)
 .data.SystemCoreClock
                0x0000000020000000        0x4 ./Core/Src/system_stm32g0xx.o
                0x0000000020000000                SystemCoreClock
 .data.uwTickFreq
                0x0000000020000004        0x1 ./Drivers/STM32G0xx_HAL_Driver/Src/stm32g0xx_hal.o
                0x0000000020000004                uwTickFreq
 *fill*         0x0000000020000005        0x3 
 .data.uwTickPrio
                0x0000000020000008        0x4 ./Drivers/STM32G0xx_HAL_Driver/Src/stm32g0xx_hal.o
                0x0000000020000008                uwTickPrio
 .data.size     0x000000002000000c        0x4 ./app/FDCAN_Flash/FDCAN_Flash_host.o
                0x000000002000000c                size
 .data.__sglue  0x0000000020000010        0xc D:/STM32CubeIDE_1.14.0/STM32CubeIDE/plugins/com.st.stm32cube.ide.mcu.externaltools.gnu-tools-for-stm32.11.3.rel1.win32_1.1.100.202309141235/tools/bin/../lib/gcc/arm-none-eabi/11.3.1/../../../../arm-none-eabi/lib/thumb/v6-m/nofp\libc_nano.a(libc_a-findfp.o)
                0x0000000020000010                __sglue
 .data._impure_data
                0x000000002000001c       0x4c D:/STM32CubeIDE_1.14.0/STM32CubeIDE/plugins/com.st.stm32cube.ide.mcu.externaltools.gnu-tools-for-stm32.11.3.rel1.win32_1.1.100.202309141235/tools/bin/../lib/gcc/arm-none-eabi/11.3.1/../../../../arm-none-eabi/lib/thumb/v6-m/nofp\libc_nano.a(libc_a-impure.o)
                0x000000002000001c                _impure_data
 .data._impure_ptr
                0x0000000020000068        0x4 D:/STM32CubeIDE_1.14.0/STM32CubeIDE/plugins/com.st.stm32cube.ide.mcu.externaltools.gnu-tools-for-stm32.11.3.rel1.win32_1.1.100.202309141235/tools/bin/../lib/gcc/arm-none-eabi/11.3.1/../../../../arm-none-eabi/lib/thumb/v6-m/nofp\libc_nano.a(libc_a-impure.o)
                0x0000000020000068                _impure_ptr
 *(.RamFunc)
 *(.RamFunc*)
                0x000000002000006c                . = ALIGN (0x4)
                0x000000002000006c                _edata = .

.igot.plt       0x000000002000006c        0x0 load address 0x0000000008002cd4
 .igot.plt      0x000000002000006c        0x0 D:/STM32CubeIDE_1.14.0/STM32CubeIDE/plugins/com.st.stm32cube.ide.mcu.externaltools.gnu-tools-for-stm32.11.3.rel1.win32_1.1.100.202309141235/tools/bin/../lib/gcc/arm-none-eabi/11.3.1/thumb/v6-m/nofp/crtbegin.o
                0x000000002000006c                . = ALIGN (0x4)

.bss            0x000000002000006c     0xa530 load address 0x0000000008002cd4
                0x000000002000006c                _sbss = .
                0x000000002000006c                __bss_start__ = _sbss
 *(.bss)
 .bss           0x000000002000006c       0x1c D:/STM32CubeIDE_1.14.0/STM32CubeIDE/plugins/com.st.stm32cube.ide.mcu.externaltools.gnu-tools-for-stm32.11.3.rel1.win32_1.1.100.202309141235/tools/bin/../lib/gcc/arm-none-eabi/11.3.1/thumb/v6-m/nofp/crtbegin.o
 *(.bss*)
 .bss.hfdcan1   0x0000000020000088       0x64 ./Core/Src/fdcan.o
                0x0000000020000088                hfdcan1
 .bss.hfdcan_filter
                0x00000000200000ec       0x18 ./Core/Src/fdcan.o
                0x00000000200000ec                hfdcan_filter
 .bss.__sbrk_heap_end
                0x0000000020000104        0x4 ./Core/Src/sysmem.o
 .bss.huart3    0x0000000020000108       0x94 ./Core/Src/usart.o
                0x0000000020000108                huart3
 .bss.uwTick    0x000000002000019c        0x4 ./Drivers/STM32G0xx_HAL_Driver/Src/stm32g0xx_hal.o
                0x000000002000019c                uwTick
 .bss.TxHeader  0x00000000200001a0       0x24 ./app/FDCAN_Flash/FDCAN_Flash_host.o
                0x00000000200001a0                TxHeader
 .bss._Buffer   0x00000000200001c4     0xa280 ./app/FDCAN_Flash/FDCAN_Flash_host.o
                0x00000000200001c4                _Buffer
 .bss.head      0x000000002000a444        0x4 ./app/FDCAN_Flash/FDCAN_Flash_host.o
                0x000000002000a444                head
 .bss.tail      0x000000002000a448        0x4 ./app/FDCAN_Flash/FDCAN_Flash_host.o
                0x000000002000a448                tail
 .bss.validCount
                0x000000002000a44c        0x4 ./app/FDCAN_Flash/FDCAN_Flash_host.o
                0x000000002000a44c                validCount
 .bss.__sf      0x000000002000a450      0x138 D:/STM32CubeIDE_1.14.0/STM32CubeIDE/plugins/com.st.stm32cube.ide.mcu.externaltools.gnu-tools-for-stm32.11.3.rel1.win32_1.1.100.202309141235/tools/bin/../lib/gcc/arm-none-eabi/11.3.1/../../../../arm-none-eabi/lib/thumb/v6-m/nofp\libc_nano.a(libc_a-findfp.o)
                0x000000002000a450                __sf
 .bss.__stdio_exit_handler
                0x000000002000a588        0x4 D:/STM32CubeIDE_1.14.0/STM32CubeIDE/plugins/com.st.stm32cube.ide.mcu.externaltools.gnu-tools-for-stm32.11.3.rel1.win32_1.1.100.202309141235/tools/bin/../lib/gcc/arm-none-eabi/11.3.1/../../../../arm-none-eabi/lib/thumb/v6-m/nofp\libc_nano.a(libc_a-findfp.o)
                0x000000002000a588                __stdio_exit_handler
 .bss.errno     0x000000002000a58c        0x4 D:/STM32CubeIDE_1.14.0/STM32CubeIDE/plugins/com.st.stm32cube.ide.mcu.externaltools.gnu-tools-for-stm32.11.3.rel1.win32_1.1.100.202309141235/tools/bin/../lib/gcc/arm-none-eabi/11.3.1/../../../../arm-none-eabi/lib/thumb/v6-m/nofp\libc_nano.a(libc_a-reent.o)
                0x000000002000a58c                errno
 .bss.__lock___malloc_recursive_mutex
                0x000000002000a590        0x1 D:/STM32CubeIDE_1.14.0/STM32CubeIDE/plugins/com.st.stm32cube.ide.mcu.externaltools.gnu-tools-for-stm32.11.3.rel1.win32_1.1.100.202309141235/tools/bin/../lib/gcc/arm-none-eabi/11.3.1/../../../../arm-none-eabi/lib/thumb/v6-m/nofp\libc_nano.a(libc_a-lock.o)
                0x000000002000a590                __lock___malloc_recursive_mutex
 .bss.__lock___sfp_recursive_mutex
                0x000000002000a591        0x1 D:/STM32CubeIDE_1.14.0/STM32CubeIDE/plugins/com.st.stm32cube.ide.mcu.externaltools.gnu-tools-for-stm32.11.3.rel1.win32_1.1.100.202309141235/tools/bin/../lib/gcc/arm-none-eabi/11.3.1/../../../../arm-none-eabi/lib/thumb/v6-m/nofp\libc_nano.a(libc_a-lock.o)
                0x000000002000a591                __lock___sfp_recursive_mutex
 *fill*         0x000000002000a592        0x2 
 .bss.__malloc_free_list
                0x000000002000a594        0x4 D:/STM32CubeIDE_1.14.0/STM32CubeIDE/plugins/com.st.stm32cube.ide.mcu.externaltools.gnu-tools-for-stm32.11.3.rel1.win32_1.1.100.202309141235/tools/bin/../lib/gcc/arm-none-eabi/11.3.1/../../../../arm-none-eabi/lib/thumb/v6-m/nofp\libc_nano.a(libc_a-mallocr.o)
                0x000000002000a594                __malloc_free_list
 .bss.__malloc_sbrk_start
                0x000000002000a598        0x4 D:/STM32CubeIDE_1.14.0/STM32CubeIDE/plugins/com.st.stm32cube.ide.mcu.externaltools.gnu-tools-for-stm32.11.3.rel1.win32_1.1.100.202309141235/tools/bin/../lib/gcc/arm-none-eabi/11.3.1/../../../../arm-none-eabi/lib/thumb/v6-m/nofp\libc_nano.a(libc_a-mallocr.o)
                0x000000002000a598                __malloc_sbrk_start
 *(COMMON)
                0x000000002000a59c                . = ALIGN (0x4)
                0x000000002000a59c                _ebss = .
                0x000000002000a59c                __bss_end__ = _ebss

._user_heap_stack
                0x000000002000a59c      0x604 load address 0x0000000008002cd4
                0x000000002000a5a0                . = ALIGN (0x8)
 *fill*         0x000000002000a59c        0x4 
                [!provide]                        PROVIDE (end = .)
                0x000000002000a5a0                PROVIDE (_end = .)
                0x000000002000a7a0                . = (. + _Min_Heap_Size)
 *fill*         0x000000002000a5a0      0x200 
                0x000000002000aba0                . = (. + _Min_Stack_Size)
 *fill*         0x000000002000a7a0      0x400 
                0x000000002000aba0                . = ALIGN (0x8)

/DISCARD/
 libc.a(*)
 libm.a(*)
 libgcc.a(*)

.ARM.attributes
                0x0000000000000000       0x28
 *(.ARM.attributes)
 .ARM.attributes
                0x0000000000000000       0x1e D:/STM32CubeIDE_1.14.0/STM32CubeIDE/plugins/com.st.stm32cube.ide.mcu.externaltools.gnu-tools-for-stm32.11.3.rel1.win32_1.1.100.202309141235/tools/bin/../lib/gcc/arm-none-eabi/11.3.1/thumb/v6-m/nofp/crti.o
 .ARM.attributes
                0x000000000000001e       0x2c D:/STM32CubeIDE_1.14.0/STM32CubeIDE/plugins/com.st.stm32cube.ide.mcu.externaltools.gnu-tools-for-stm32.11.3.rel1.win32_1.1.100.202309141235/tools/bin/../lib/gcc/arm-none-eabi/11.3.1/thumb/v6-m/nofp/crtbegin.o
 .ARM.attributes
                0x000000000000004a       0x2c ./Core/Src/fdcan.o
 .ARM.attributes
                0x0000000000000076       0x2c ./Core/Src/gpio.o
 .ARM.attributes
                0x00000000000000a2       0x2c ./Core/Src/main.o
 .ARM.attributes
                0x00000000000000ce       0x2c ./Core/Src/stm32g0xx_hal_msp.o
 .ARM.attributes
                0x00000000000000fa       0x2c ./Core/Src/stm32g0xx_it.o
 .ARM.attributes
                0x0000000000000126       0x2c ./Core/Src/syscalls.o
 .ARM.attributes
                0x0000000000000152       0x2c ./Core/Src/sysmem.o
 .ARM.attributes
                0x000000000000017e       0x2c ./Core/Src/system_stm32g0xx.o
 .ARM.attributes
                0x00000000000001aa       0x2c ./Core/Src/usart.o
 .ARM.attributes
                0x00000000000001d6       0x22 ./Core/Startup/startup_stm32g0b1cbtx.o
 .ARM.attributes
                0x00000000000001f8       0x2c ./Drivers/STM32G0xx_HAL_Driver/Src/stm32g0xx_hal.o
 .ARM.attributes
                0x0000000000000224       0x2c ./Drivers/STM32G0xx_HAL_Driver/Src/stm32g0xx_hal_cortex.o
 .ARM.attributes
                0x0000000000000250       0x2c ./Drivers/STM32G0xx_HAL_Driver/Src/stm32g0xx_hal_fdcan.o
 .ARM.attributes
                0x000000000000027c       0x2c ./Drivers/STM32G0xx_HAL_Driver/Src/stm32g0xx_hal_gpio.o
 .ARM.attributes
                0x00000000000002a8       0x2c ./Drivers/STM32G0xx_HAL_Driver/Src/stm32g0xx_hal_pwr_ex.o
 .ARM.attributes
                0x00000000000002d4       0x2c ./Drivers/STM32G0xx_HAL_Driver/Src/stm32g0xx_hal_rcc.o
 .ARM.attributes
                0x0000000000000300       0x2c ./Drivers/STM32G0xx_HAL_Driver/Src/stm32g0xx_hal_rcc_ex.o
 .ARM.attributes
                0x000000000000032c       0x2c ./Drivers/STM32G0xx_HAL_Driver/Src/stm32g0xx_hal_uart.o
 .ARM.attributes
                0x0000000000000358       0x2c ./Drivers/STM32G0xx_HAL_Driver/Src/stm32g0xx_hal_uart_ex.o
 .ARM.attributes
                0x0000000000000384       0x2c ./app/Bsp/Bsp.o
 .ARM.attributes
                0x00000000000003b0       0x2c ./app/FDCAN_Flash/FDCAN_Flash_host.o
 .ARM.attributes
                0x00000000000003dc       0x2c D:/STM32CubeIDE_1.14.0/STM32CubeIDE/plugins/com.st.stm32cube.ide.mcu.externaltools.gnu-tools-for-stm32.11.3.rel1.win32_1.1.100.202309141235/tools/bin/../lib/gcc/arm-none-eabi/11.3.1/../../../../arm-none-eabi/lib/thumb/v6-m/nofp\libc_nano.a(libc_a-findfp.o)
 .ARM.attributes
                0x0000000000000408       0x2c D:/STM32CubeIDE_1.14.0/STM32CubeIDE/plugins/com.st.stm32cube.ide.mcu.externaltools.gnu-tools-for-stm32.11.3.rel1.win32_1.1.100.202309141235/tools/bin/../lib/gcc/arm-none-eabi/11.3.1/../../../../arm-none-eabi/lib/thumb/v6-m/nofp\libc_nano.a(libc_a-fwalk.o)
 .ARM.attributes
                0x0000000000000434       0x2c D:/STM32CubeIDE_1.14.0/STM32CubeIDE/plugins/com.st.stm32cube.ide.mcu.externaltools.gnu-tools-for-stm32.11.3.rel1.win32_1.1.100.202309141235/tools/bin/../lib/gcc/arm-none-eabi/11.3.1/../../../../arm-none-eabi/lib/thumb/v6-m/nofp\libc_nano.a(libc_a-puts.o)
 .ARM.attributes
                0x0000000000000460       0x2c D:/STM32CubeIDE_1.14.0/STM32CubeIDE/plugins/com.st.stm32cube.ide.mcu.externaltools.gnu-tools-for-stm32.11.3.rel1.win32_1.1.100.202309141235/tools/bin/../lib/gcc/arm-none-eabi/11.3.1/../../../../arm-none-eabi/lib/thumb/v6-m/nofp\libc_nano.a(libc_a-stdio.o)
 .ARM.attributes
                0x000000000000048c       0x2c D:/STM32CubeIDE_1.14.0/STM32CubeIDE/plugins/com.st.stm32cube.ide.mcu.externaltools.gnu-tools-for-stm32.11.3.rel1.win32_1.1.100.202309141235/tools/bin/../lib/gcc/arm-none-eabi/11.3.1/../../../../arm-none-eabi/lib/thumb/v6-m/nofp\libc_nano.a(libc_a-wbuf.o)
 .ARM.attributes
                0x00000000000004b8       0x2c D:/STM32CubeIDE_1.14.0/STM32CubeIDE/plugins/com.st.stm32cube.ide.mcu.externaltools.gnu-tools-for-stm32.11.3.rel1.win32_1.1.100.202309141235/tools/bin/../lib/gcc/arm-none-eabi/11.3.1/../../../../arm-none-eabi/lib/thumb/v6-m/nofp\libc_nano.a(libc_a-wsetup.o)
 .ARM.attributes
                0x00000000000004e4       0x2c D:/STM32CubeIDE_1.14.0/STM32CubeIDE/plugins/com.st.stm32cube.ide.mcu.externaltools.gnu-tools-for-stm32.11.3.rel1.win32_1.1.100.202309141235/tools/bin/../lib/gcc/arm-none-eabi/11.3.1/../../../../arm-none-eabi/lib/thumb/v6-m/nofp\libc_nano.a(libc_a-memset.o)
 .ARM.attributes
                0x0000000000000510       0x2c D:/STM32CubeIDE_1.14.0/STM32CubeIDE/plugins/com.st.stm32cube.ide.mcu.externaltools.gnu-tools-for-stm32.11.3.rel1.win32_1.1.100.202309141235/tools/bin/../lib/gcc/arm-none-eabi/11.3.1/../../../../arm-none-eabi/lib/thumb/v6-m/nofp\libc_nano.a(libc_a-closer.o)
 .ARM.attributes
                0x000000000000053c       0x2c D:/STM32CubeIDE_1.14.0/STM32CubeIDE/plugins/com.st.stm32cube.ide.mcu.externaltools.gnu-tools-for-stm32.11.3.rel1.win32_1.1.100.202309141235/tools/bin/../lib/gcc/arm-none-eabi/11.3.1/../../../../arm-none-eabi/lib/thumb/v6-m/nofp\libc_nano.a(libc_a-reent.o)
 .ARM.attributes
                0x0000000000000568       0x2c D:/STM32CubeIDE_1.14.0/STM32CubeIDE/plugins/com.st.stm32cube.ide.mcu.externaltools.gnu-tools-for-stm32.11.3.rel1.win32_1.1.100.202309141235/tools/bin/../lib/gcc/arm-none-eabi/11.3.1/../../../../arm-none-eabi/lib/thumb/v6-m/nofp\libc_nano.a(libc_a-impure.o)
 .ARM.attributes
                0x0000000000000594       0x2c D:/STM32CubeIDE_1.14.0/STM32CubeIDE/plugins/com.st.stm32cube.ide.mcu.externaltools.gnu-tools-for-stm32.11.3.rel1.win32_1.1.100.202309141235/tools/bin/../lib/gcc/arm-none-eabi/11.3.1/../../../../arm-none-eabi/lib/thumb/v6-m/nofp\libc_nano.a(libc_a-lseekr.o)
 .ARM.attributes
                0x00000000000005c0       0x2c D:/STM32CubeIDE_1.14.0/STM32CubeIDE/plugins/com.st.stm32cube.ide.mcu.externaltools.gnu-tools-for-stm32.11.3.rel1.win32_1.1.100.202309141235/tools/bin/../lib/gcc/arm-none-eabi/11.3.1/../../../../arm-none-eabi/lib/thumb/v6-m/nofp\libc_nano.a(libc_a-readr.o)
 .ARM.attributes
                0x00000000000005ec       0x2c D:/STM32CubeIDE_1.14.0/STM32CubeIDE/plugins/com.st.stm32cube.ide.mcu.externaltools.gnu-tools-for-stm32.11.3.rel1.win32_1.1.100.202309141235/tools/bin/../lib/gcc/arm-none-eabi/11.3.1/../../../../arm-none-eabi/lib/thumb/v6-m/nofp\libc_nano.a(libc_a-writer.o)
 .ARM.attributes
                0x0000000000000618       0x2c D:/STM32CubeIDE_1.14.0/STM32CubeIDE/plugins/com.st.stm32cube.ide.mcu.externaltools.gnu-tools-for-stm32.11.3.rel1.win32_1.1.100.202309141235/tools/bin/../lib/gcc/arm-none-eabi/11.3.1/../../../../arm-none-eabi/lib/thumb/v6-m/nofp\libc_nano.a(libc_a-errno.o)
 .ARM.attributes
                0x0000000000000644       0x2c D:/STM32CubeIDE_1.14.0/STM32CubeIDE/plugins/com.st.stm32cube.ide.mcu.externaltools.gnu-tools-for-stm32.11.3.rel1.win32_1.1.100.202309141235/tools/bin/../lib/gcc/arm-none-eabi/11.3.1/../../../../arm-none-eabi/lib/thumb/v6-m/nofp\libc_nano.a(libc_a-init.o)
 .ARM.attributes
                0x0000000000000670       0x2c D:/STM32CubeIDE_1.14.0/STM32CubeIDE/plugins/com.st.stm32cube.ide.mcu.externaltools.gnu-tools-for-stm32.11.3.rel1.win32_1.1.100.202309141235/tools/bin/../lib/gcc/arm-none-eabi/11.3.1/../../../../arm-none-eabi/lib/thumb/v6-m/nofp\libc_nano.a(libc_a-lock.o)
 .ARM.attributes
                0x000000000000069c       0x2c D:/STM32CubeIDE_1.14.0/STM32CubeIDE/plugins/com.st.stm32cube.ide.mcu.externaltools.gnu-tools-for-stm32.11.3.rel1.win32_1.1.100.202309141235/tools/bin/../lib/gcc/arm-none-eabi/11.3.1/../../../../arm-none-eabi/lib/thumb/v6-m/nofp\libc_nano.a(libc_a-memcpy-stub.o)
 .ARM.attributes
                0x00000000000006c8       0x2c D:/STM32CubeIDE_1.14.0/STM32CubeIDE/plugins/com.st.stm32cube.ide.mcu.externaltools.gnu-tools-for-stm32.11.3.rel1.win32_1.1.100.202309141235/tools/bin/../lib/gcc/arm-none-eabi/11.3.1/../../../../arm-none-eabi/lib/thumb/v6-m/nofp\libc_nano.a(libc_a-freer.o)
 .ARM.attributes
                0x00000000000006f4       0x2c D:/STM32CubeIDE_1.14.0/STM32CubeIDE/plugins/com.st.stm32cube.ide.mcu.externaltools.gnu-tools-for-stm32.11.3.rel1.win32_1.1.100.202309141235/tools/bin/../lib/gcc/arm-none-eabi/11.3.1/../../../../arm-none-eabi/lib/thumb/v6-m/nofp\libc_nano.a(libc_a-mallocr.o)
 .ARM.attributes
                0x0000000000000720       0x2c D:/STM32CubeIDE_1.14.0/STM32CubeIDE/plugins/com.st.stm32cube.ide.mcu.externaltools.gnu-tools-for-stm32.11.3.rel1.win32_1.1.100.202309141235/tools/bin/../lib/gcc/arm-none-eabi/11.3.1/../../../../arm-none-eabi/lib/thumb/v6-m/nofp\libc_nano.a(libc_a-mlock.o)
 .ARM.attributes
                0x000000000000074c       0x2c D:/STM32CubeIDE_1.14.0/STM32CubeIDE/plugins/com.st.stm32cube.ide.mcu.externaltools.gnu-tools-for-stm32.11.3.rel1.win32_1.1.100.202309141235/tools/bin/../lib/gcc/arm-none-eabi/11.3.1/../../../../arm-none-eabi/lib/thumb/v6-m/nofp\libc_nano.a(libc_a-fflush.o)
 .ARM.attributes
                0x0000000000000778       0x2c D:/STM32CubeIDE_1.14.0/STM32CubeIDE/plugins/com.st.stm32cube.ide.mcu.externaltools.gnu-tools-for-stm32.11.3.rel1.win32_1.1.100.202309141235/tools/bin/../lib/gcc/arm-none-eabi/11.3.1/../../../../arm-none-eabi/lib/thumb/v6-m/nofp\libc_nano.a(libc_a-makebuf.o)
 .ARM.attributes
                0x00000000000007a4       0x2c D:/STM32CubeIDE_1.14.0/STM32CubeIDE/plugins/com.st.stm32cube.ide.mcu.externaltools.gnu-tools-for-stm32.11.3.rel1.win32_1.1.100.202309141235/tools/bin/../lib/gcc/arm-none-eabi/11.3.1/../../../../arm-none-eabi/lib/thumb/v6-m/nofp\libc_nano.a(libc_a-fstatr.o)
 .ARM.attributes
                0x00000000000007d0       0x2c D:/STM32CubeIDE_1.14.0/STM32CubeIDE/plugins/com.st.stm32cube.ide.mcu.externaltools.gnu-tools-for-stm32.11.3.rel1.win32_1.1.100.202309141235/tools/bin/../lib/gcc/arm-none-eabi/11.3.1/../../../../arm-none-eabi/lib/thumb/v6-m/nofp\libc_nano.a(libc_a-isattyr.o)
 .ARM.attributes
                0x00000000000007fc       0x2c D:/STM32CubeIDE_1.14.0/STM32CubeIDE/plugins/com.st.stm32cube.ide.mcu.externaltools.gnu-tools-for-stm32.11.3.rel1.win32_1.1.100.202309141235/tools/bin/../lib/gcc/arm-none-eabi/11.3.1/../../../../arm-none-eabi/lib/thumb/v6-m/nofp\libc_nano.a(libc_a-sbrkr.o)
 .ARM.attributes
                0x0000000000000828       0x1e D:/STM32CubeIDE_1.14.0/STM32CubeIDE/plugins/com.st.stm32cube.ide.mcu.externaltools.gnu-tools-for-stm32.11.3.rel1.win32_1.1.100.202309141235/tools/bin/../lib/gcc/arm-none-eabi/11.3.1/thumb/v6-m/nofp\libgcc.a(_udivsi3.o)
 .ARM.attributes
                0x0000000000000846       0x1e D:/STM32CubeIDE_1.14.0/STM32CubeIDE/plugins/com.st.stm32cube.ide.mcu.externaltools.gnu-tools-for-stm32.11.3.rel1.win32_1.1.100.202309141235/tools/bin/../lib/gcc/arm-none-eabi/11.3.1/thumb/v6-m/nofp\libgcc.a(_divsi3.o)
 .ARM.attributes
                0x0000000000000864       0x1e D:/STM32CubeIDE_1.14.0/STM32CubeIDE/plugins/com.st.stm32cube.ide.mcu.externaltools.gnu-tools-for-stm32.11.3.rel1.win32_1.1.100.202309141235/tools/bin/../lib/gcc/arm-none-eabi/11.3.1/thumb/v6-m/nofp\libgcc.a(_dvmd_tls.o)
 .ARM.attributes
                0x0000000000000882       0x1e D:/STM32CubeIDE_1.14.0/STM32CubeIDE/plugins/com.st.stm32cube.ide.mcu.externaltools.gnu-tools-for-stm32.11.3.rel1.win32_1.1.100.202309141235/tools/bin/../lib/gcc/arm-none-eabi/11.3.1/thumb/v6-m/nofp/crtn.o
OUTPUT(FDCAN_Bootloader_Host.elf elf32-littlearm)
LOAD linker stubs
LOAD D:/STM32CubeIDE_1.14.0/STM32CubeIDE/plugins/com.st.stm32cube.ide.mcu.externaltools.gnu-tools-for-stm32.11.3.rel1.win32_1.1.100.202309141235/tools/bin/../lib/gcc/arm-none-eabi/11.3.1/../../../../arm-none-eabi/lib/thumb/v6-m/nofp\libc.a
LOAD D:/STM32CubeIDE_1.14.0/STM32CubeIDE/plugins/com.st.stm32cube.ide.mcu.externaltools.gnu-tools-for-stm32.11.3.rel1.win32_1.1.100.202309141235/tools/bin/../lib/gcc/arm-none-eabi/11.3.1/../../../../arm-none-eabi/lib/thumb/v6-m/nofp\libm.a
LOAD D:/STM32CubeIDE_1.14.0/STM32CubeIDE/plugins/com.st.stm32cube.ide.mcu.externaltools.gnu-tools-for-stm32.11.3.rel1.win32_1.1.100.202309141235/tools/bin/../lib/gcc/arm-none-eabi/11.3.1/thumb/v6-m/nofp\libgcc.a

.comment        0x0000000000000000       0x43
 .comment       0x0000000000000000       0x43 D:/STM32CubeIDE_1.14.0/STM32CubeIDE/plugins/com.st.stm32cube.ide.mcu.externaltools.gnu-tools-for-stm32.11.3.rel1.win32_1.1.100.202309141235/tools/bin/../lib/gcc/arm-none-eabi/11.3.1/thumb/v6-m/nofp/crtbegin.o
                                         0x44 (size before relaxing)
 .comment       0x0000000000000043       0x44 ./Core/Src/fdcan.o
 .comment       0x0000000000000043       0x44 ./Core/Src/gpio.o
 .comment       0x0000000000000043       0x44 ./Core/Src/main.o
 .comment       0x0000000000000043       0x44 ./Core/Src/stm32g0xx_hal_msp.o
 .comment       0x0000000000000043       0x44 ./Core/Src/stm32g0xx_it.o
 .comment       0x0000000000000043       0x44 ./Core/Src/syscalls.o
 .comment       0x0000000000000043       0x44 ./Core/Src/sysmem.o
 .comment       0x0000000000000043       0x44 ./Core/Src/system_stm32g0xx.o
 .comment       0x0000000000000043       0x44 ./Core/Src/usart.o
 .comment       0x0000000000000043       0x44 ./Drivers/STM32G0xx_HAL_Driver/Src/stm32g0xx_hal.o
 .comment       0x0000000000000043       0x44 ./Drivers/STM32G0xx_HAL_Driver/Src/stm32g0xx_hal_cortex.o
 .comment       0x0000000000000043       0x44 ./Drivers/STM32G0xx_HAL_Driver/Src/stm32g0xx_hal_fdcan.o
 .comment       0x0000000000000043       0x44 ./Drivers/STM32G0xx_HAL_Driver/Src/stm32g0xx_hal_gpio.o
 .comment       0x0000000000000043       0x44 ./Drivers/STM32G0xx_HAL_Driver/Src/stm32g0xx_hal_pwr_ex.o
 .comment       0x0000000000000043       0x44 ./Drivers/STM32G0xx_HAL_Driver/Src/stm32g0xx_hal_rcc.o
 .comment       0x0000000000000043       0x44 ./Drivers/STM32G0xx_HAL_Driver/Src/stm32g0xx_hal_rcc_ex.o
 .comment       0x0000000000000043       0x44 ./Drivers/STM32G0xx_HAL_Driver/Src/stm32g0xx_hal_uart.o
 .comment       0x0000000000000043       0x44 ./Drivers/STM32G0xx_HAL_Driver/Src/stm32g0xx_hal_uart_ex.o
 .comment       0x0000000000000043       0x44 ./app/Bsp/Bsp.o
 .comment       0x0000000000000043       0x44 ./app/FDCAN_Flash/FDCAN_Flash_host.o

.debug_info     0x0000000000000000    0x128f0
 .debug_info    0x0000000000000000      0xd34 ./Core/Src/fdcan.o
 .debug_info    0x0000000000000d34      0x4d6 ./Core/Src/gpio.o
 .debug_info    0x000000000000120a      0xefd ./Core/Src/main.o
 .debug_info    0x0000000000002107      0x283 ./Core/Src/stm32g0xx_hal_msp.o
 .debug_info    0x000000000000238a      0x610 ./Core/Src/stm32g0xx_it.o
 .debug_info    0x000000000000299a      0x7b5 ./Core/Src/syscalls.o
 .debug_info    0x000000000000314f      0x186 ./Core/Src/sysmem.o
 .debug_info    0x00000000000032d5      0x347 ./Core/Src/system_stm32g0xx.o
 .debug_info    0x000000000000361c      0xe02 ./Core/Src/usart.o
 .debug_info    0x000000000000441e       0x23 ./Core/Startup/startup_stm32g0b1cbtx.o
 .debug_info    0x0000000000004441      0xc10 ./Drivers/STM32G0xx_HAL_Driver/Src/stm32g0xx_hal.o
 .debug_info    0x0000000000005051      0xa6b ./Drivers/STM32G0xx_HAL_Driver/Src/stm32g0xx_hal_cortex.o
 .debug_info    0x0000000000005abc     0x1c1a ./Drivers/STM32G0xx_HAL_Driver/Src/stm32g0xx_hal_fdcan.o
 .debug_info    0x00000000000076d6      0x62b ./Drivers/STM32G0xx_HAL_Driver/Src/stm32g0xx_hal_gpio.o
 .debug_info    0x0000000000007d01      0x946 ./Drivers/STM32G0xx_HAL_Driver/Src/stm32g0xx_hal_pwr_ex.o
 .debug_info    0x0000000000008647      0xc01 ./Drivers/STM32G0xx_HAL_Driver/Src/stm32g0xx_hal_rcc.o
 .debug_info    0x0000000000009248      0xaf6 ./Drivers/STM32G0xx_HAL_Driver/Src/stm32g0xx_hal_rcc_ex.o
 .debug_info    0x0000000000009d3e     0x5ed2 ./Drivers/STM32G0xx_HAL_Driver/Src/stm32g0xx_hal_uart.o
 .debug_info    0x000000000000fc10     0x12dd ./Drivers/STM32G0xx_HAL_Driver/Src/stm32g0xx_hal_uart_ex.o
 .debug_info    0x0000000000010eed      0x463 ./app/Bsp/Bsp.o
 .debug_info    0x0000000000011350     0x15a0 ./app/FDCAN_Flash/FDCAN_Flash_host.o

.debug_abbrev   0x0000000000000000     0x3136
 .debug_abbrev  0x0000000000000000      0x21d ./Core/Src/fdcan.o
 .debug_abbrev  0x000000000000021d      0x19a ./Core/Src/gpio.o
 .debug_abbrev  0x00000000000003b7      0x315 ./Core/Src/main.o
 .debug_abbrev  0x00000000000006cc      0x113 ./Core/Src/stm32g0xx_hal_msp.o
 .debug_abbrev  0x00000000000007df      0x1b3 ./Core/Src/stm32g0xx_it.o
 .debug_abbrev  0x0000000000000992      0x208 ./Core/Src/syscalls.o
 .debug_abbrev  0x0000000000000b9a       0xdc ./Core/Src/sysmem.o
 .debug_abbrev  0x0000000000000c76      0x148 ./Core/Src/system_stm32g0xx.o
 .debug_abbrev  0x0000000000000dbe      0x234 ./Core/Src/usart.o
 .debug_abbrev  0x0000000000000ff2       0x12 ./Core/Startup/startup_stm32g0b1cbtx.o
 .debug_abbrev  0x0000000000001004      0x30a ./Drivers/STM32G0xx_HAL_Driver/Src/stm32g0xx_hal.o
 .debug_abbrev  0x000000000000130e      0x2cb ./Drivers/STM32G0xx_HAL_Driver/Src/stm32g0xx_hal_cortex.o
 .debug_abbrev  0x00000000000015d9      0x2bd ./Drivers/STM32G0xx_HAL_Driver/Src/stm32g0xx_hal_fdcan.o
 .debug_abbrev  0x0000000000001896      0x25e ./Drivers/STM32G0xx_HAL_Driver/Src/stm32g0xx_hal_gpio.o
 .debug_abbrev  0x0000000000001af4      0x28f ./Drivers/STM32G0xx_HAL_Driver/Src/stm32g0xx_hal_pwr_ex.o
 .debug_abbrev  0x0000000000001d83      0x34b ./Drivers/STM32G0xx_HAL_Driver/Src/stm32g0xx_hal_rcc.o
 .debug_abbrev  0x00000000000020ce      0x2cb ./Drivers/STM32G0xx_HAL_Driver/Src/stm32g0xx_hal_rcc_ex.o
 .debug_abbrev  0x0000000000002399      0x41e ./Drivers/STM32G0xx_HAL_Driver/Src/stm32g0xx_hal_uart.o
 .debug_abbrev  0x00000000000027b7      0x36f ./Drivers/STM32G0xx_HAL_Driver/Src/stm32g0xx_hal_uart_ex.o
 .debug_abbrev  0x0000000000002b26      0x21d ./app/Bsp/Bsp.o
 .debug_abbrev  0x0000000000002d43      0x3f3 ./app/FDCAN_Flash/FDCAN_Flash_host.o

.debug_loclists
                0x0000000000000000     0x5340
 .debug_loclists
                0x0000000000000000       0x42 ./Core/Src/fdcan.o
 .debug_loclists
                0x0000000000000042       0xfe ./Core/Src/main.o
 .debug_loclists
                0x0000000000000140      0x2df ./Core/Src/syscalls.o
 .debug_loclists
                0x000000000000041f       0x49 ./Core/Src/sysmem.o
 .debug_loclists
                0x0000000000000468       0xa0 ./Core/Src/system_stm32g0xx.o
 .debug_loclists
                0x0000000000000508       0x42 ./Core/Src/usart.o
 .debug_loclists
                0x000000000000054a      0x118 ./Drivers/STM32G0xx_HAL_Driver/Src/stm32g0xx_hal.o
 .debug_loclists
                0x0000000000000662      0x27f ./Drivers/STM32G0xx_HAL_Driver/Src/stm32g0xx_hal_cortex.o
 .debug_loclists
                0x00000000000008e1     0x1055 ./Drivers/STM32G0xx_HAL_Driver/Src/stm32g0xx_hal_fdcan.o
 .debug_loclists
                0x0000000000001936      0x1a9 ./Drivers/STM32G0xx_HAL_Driver/Src/stm32g0xx_hal_gpio.o
 .debug_loclists
                0x0000000000001adf      0x214 ./Drivers/STM32G0xx_HAL_Driver/Src/stm32g0xx_hal_pwr_ex.o
 .debug_loclists
                0x0000000000001cf3      0x347 ./Drivers/STM32G0xx_HAL_Driver/Src/stm32g0xx_hal_rcc.o
 .debug_loclists
                0x000000000000203a      0x4c6 ./Drivers/STM32G0xx_HAL_Driver/Src/stm32g0xx_hal_rcc_ex.o
 .debug_loclists
                0x0000000000002500     0x2550 ./Drivers/STM32G0xx_HAL_Driver/Src/stm32g0xx_hal_uart.o
 .debug_loclists
                0x0000000000004a50      0x6ae ./Drivers/STM32G0xx_HAL_Driver/Src/stm32g0xx_hal_uart_ex.o
 .debug_loclists
                0x00000000000050fe       0x40 ./app/Bsp/Bsp.o
 .debug_loclists
                0x000000000000513e      0x202 ./app/FDCAN_Flash/FDCAN_Flash_host.o

.debug_aranges  0x0000000000000000      0xb88
 .debug_aranges
                0x0000000000000000       0x30 ./Core/Src/fdcan.o
 .debug_aranges
                0x0000000000000030       0x20 ./Core/Src/gpio.o
 .debug_aranges
                0x0000000000000050       0x38 ./Core/Src/main.o
 .debug_aranges
                0x0000000000000088       0x20 ./Core/Src/stm32g0xx_hal_msp.o
 .debug_aranges
                0x00000000000000a8       0x40 ./Core/Src/stm32g0xx_it.o
 .debug_aranges
                0x00000000000000e8       0xa8 ./Core/Src/syscalls.o
 .debug_aranges
                0x0000000000000190       0x20 ./Core/Src/sysmem.o
 .debug_aranges
                0x00000000000001b0       0x28 ./Core/Src/system_stm32g0xx.o
 .debug_aranges
                0x00000000000001d8       0x30 ./Core/Src/usart.o
 .debug_aranges
                0x0000000000000208       0x28 ./Core/Startup/startup_stm32g0b1cbtx.o
 .debug_aranges
                0x0000000000000230      0x128 ./Drivers/STM32G0xx_HAL_Driver/Src/stm32g0xx_hal.o
 .debug_aranges
                0x0000000000000358       0xa0 ./Drivers/STM32G0xx_HAL_Driver/Src/stm32g0xx_hal_cortex.o
 .debug_aranges
                0x00000000000003f8      0x1a0 ./Drivers/STM32G0xx_HAL_Driver/Src/stm32g0xx_hal_fdcan.o
 .debug_aranges
                0x0000000000000598       0x58 ./Drivers/STM32G0xx_HAL_Driver/Src/stm32g0xx_hal_gpio.o
 .debug_aranges
                0x00000000000005f0      0x120 ./Drivers/STM32G0xx_HAL_Driver/Src/stm32g0xx_hal_pwr_ex.o
 .debug_aranges
                0x0000000000000710       0x90 ./Drivers/STM32G0xx_HAL_Driver/Src/stm32g0xx_hal_rcc.o
 .debug_aranges
                0x00000000000007a0       0x78 ./Drivers/STM32G0xx_HAL_Driver/Src/stm32g0xx_hal_rcc_ex.o
 .debug_aranges
                0x0000000000000818      0x200 ./Drivers/STM32G0xx_HAL_Driver/Src/stm32g0xx_hal_uart.o
 .debug_aranges
                0x0000000000000a18       0x90 ./Drivers/STM32G0xx_HAL_Driver/Src/stm32g0xx_hal_uart_ex.o
 .debug_aranges
                0x0000000000000aa8       0x40 ./app/Bsp/Bsp.o
 .debug_aranges
                0x0000000000000ae8       0xa0 ./app/FDCAN_Flash/FDCAN_Flash_host.o

.debug_rnglists
                0x0000000000000000      0xba1
 .debug_rnglists
                0x0000000000000000       0x41 ./Core/Src/fdcan.o
 .debug_rnglists
                0x0000000000000041       0x59 ./Core/Src/gpio.o
 .debug_rnglists
                0x000000000000009a       0x35 ./Core/Src/main.o
 .debug_rnglists
                0x00000000000000cf       0x37 ./Core/Src/stm32g0xx_hal_msp.o
 .debug_rnglists
                0x0000000000000106       0x2b ./Core/Src/stm32g0xx_it.o
 .debug_rnglists
                0x0000000000000131       0x85 ./Core/Src/syscalls.o
 .debug_rnglists
                0x00000000000001b6       0x13 ./Core/Src/sysmem.o
 .debug_rnglists
                0x00000000000001c9       0x1a ./Core/Src/system_stm32g0xx.o
 .debug_rnglists
                0x00000000000001e3       0x38 ./Core/Src/usart.o
 .debug_rnglists
                0x000000000000021b       0x19 ./Core/Startup/startup_stm32g0b1cbtx.o
 .debug_rnglists
                0x0000000000000234       0xd9 ./Drivers/STM32G0xx_HAL_Driver/Src/stm32g0xx_hal.o
 .debug_rnglists
                0x000000000000030d       0xa3 ./Drivers/STM32G0xx_HAL_Driver/Src/stm32g0xx_hal_cortex.o
 .debug_rnglists
                0x00000000000003b0      0x165 ./Drivers/STM32G0xx_HAL_Driver/Src/stm32g0xx_hal_fdcan.o
 .debug_rnglists
                0x0000000000000515       0x3f ./Drivers/STM32G0xx_HAL_Driver/Src/stm32g0xx_hal_gpio.o
 .debug_rnglists
                0x0000000000000554       0xd5 ./Drivers/STM32G0xx_HAL_Driver/Src/stm32g0xx_hal_pwr_ex.o
 .debug_rnglists
                0x0000000000000629       0x90 ./Drivers/STM32G0xx_HAL_Driver/Src/stm32g0xx_hal_rcc.o
 .debug_rnglists
                0x00000000000006b9       0x85 ./Drivers/STM32G0xx_HAL_Driver/Src/stm32g0xx_hal_rcc_ex.o
 .debug_rnglists
                0x000000000000073e      0x2d1 ./Drivers/STM32G0xx_HAL_Driver/Src/stm32g0xx_hal_uart.o
 .debug_rnglists
                0x0000000000000a0f       0x82 ./Drivers/STM32G0xx_HAL_Driver/Src/stm32g0xx_hal_uart_ex.o
 .debug_rnglists
                0x0000000000000a91       0x2b ./app/Bsp/Bsp.o
 .debug_rnglists
                0x0000000000000abc       0xe5 ./app/FDCAN_Flash/FDCAN_Flash_host.o

.debug_macro    0x0000000000000000    0x1d741
 .debug_macro   0x0000000000000000      0x1ee ./Core/Src/fdcan.o
 .debug_macro   0x00000000000001ee      0xa84 ./Core/Src/fdcan.o
 .debug_macro   0x0000000000000c72      0x12a ./Core/Src/fdcan.o
 .debug_macro   0x0000000000000d9c       0x2e ./Core/Src/fdcan.o
 .debug_macro   0x0000000000000dca       0x28 ./Core/Src/fdcan.o
 .debug_macro   0x0000000000000df2       0x22 ./Core/Src/fdcan.o
 .debug_macro   0x0000000000000e14       0x8e ./Core/Src/fdcan.o
 .debug_macro   0x0000000000000ea2       0x51 ./Core/Src/fdcan.o
 .debug_macro   0x0000000000000ef3      0x103 ./Core/Src/fdcan.o
 .debug_macro   0x0000000000000ff6       0x6a ./Core/Src/fdcan.o
 .debug_macro   0x0000000000001060      0x1df ./Core/Src/fdcan.o
 .debug_macro   0x000000000000123f       0x1c ./Core/Src/fdcan.o
 .debug_macro   0x000000000000125b       0x22 ./Core/Src/fdcan.o
 .debug_macro   0x000000000000127d       0xd1 ./Core/Src/fdcan.o
 .debug_macro   0x000000000000134e      0x4da ./Core/Src/fdcan.o
 .debug_macro   0x0000000000001828      0x11f ./Core/Src/fdcan.o
 .debug_macro   0x0000000000001947     0xf3de ./Core/Src/fdcan.o
 .debug_macro   0x0000000000010d25       0x66 ./Core/Src/fdcan.o
 .debug_macro   0x0000000000010d8b     0x350e ./Core/Src/fdcan.o
 .debug_macro   0x0000000000014299      0x174 ./Core/Src/fdcan.o
 .debug_macro   0x000000000001440d       0x5c ./Core/Src/fdcan.o
 .debug_macro   0x0000000000014469      0x72c ./Core/Src/fdcan.o
 .debug_macro   0x0000000000014b95     0x1579 ./Core/Src/fdcan.o
 .debug_macro   0x000000000001610e      0x535 ./Core/Src/fdcan.o
 .debug_macro   0x0000000000016643      0x1cf ./Core/Src/fdcan.o
 .debug_macro   0x0000000000016812      0x25b ./Core/Src/fdcan.o
 .debug_macro   0x0000000000016a6d      0x4f5 ./Core/Src/fdcan.o
 .debug_macro   0x0000000000016f62      0x280 ./Core/Src/fdcan.o
 .debug_macro   0x00000000000171e2      0x417 ./Core/Src/fdcan.o
 .debug_macro   0x00000000000175f9      0x1b2 ./Core/Src/fdcan.o
 .debug_macro   0x00000000000177ab       0x43 ./Core/Src/fdcan.o
 .debug_macro   0x00000000000177ee      0x1f1 ./Core/Src/fdcan.o
 .debug_macro   0x00000000000179df      0x1e4 ./Core/Src/fdcan.o
 .debug_macro   0x0000000000017bc3      0x3fa ./Core/Src/fdcan.o
 .debug_macro   0x0000000000017fbd       0x28 ./Core/Src/fdcan.o
 .debug_macro   0x0000000000017fe5      0x123 ./Core/Src/fdcan.o
 .debug_macro   0x0000000000018108      0x6bd ./Core/Src/fdcan.o
 .debug_macro   0x00000000000187c5      0x145 ./Core/Src/fdcan.o
 .debug_macro   0x000000000001890a      0x30b ./Core/Src/fdcan.o
 .debug_macro   0x0000000000018c15      0x693 ./Core/Src/fdcan.o
 .debug_macro   0x00000000000192a8       0xa6 ./Core/Src/fdcan.o
 .debug_macro   0x000000000001934e      0x5df ./Core/Src/fdcan.o
 .debug_macro   0x000000000001992d       0x4c ./Core/Src/fdcan.o
 .debug_macro   0x0000000000019979      0x1ee ./Core/Src/gpio.o
 .debug_macro   0x0000000000019b67      0x2ed ./Core/Src/main.o
 .debug_macro   0x0000000000019e54       0x5e ./Core/Src/main.o
 .debug_macro   0x0000000000019eb2       0x61 ./Core/Src/main.o
 .debug_macro   0x0000000000019f13       0x24 ./Core/Src/main.o
 .debug_macro   0x0000000000019f37       0x43 ./Core/Src/main.o
 .debug_macro   0x0000000000019f7a       0x34 ./Core/Src/main.o
 .debug_macro   0x0000000000019fae       0x16 ./Core/Src/main.o
 .debug_macro   0x0000000000019fc4       0x43 ./Core/Src/main.o
 .debug_macro   0x000000000001a007       0x34 ./Core/Src/main.o
 .debug_macro   0x000000000001a03b       0x10 ./Core/Src/main.o
 .debug_macro   0x000000000001a04b       0x58 ./Core/Src/main.o
 .debug_macro   0x000000000001a0a3       0x8e ./Core/Src/main.o
 .debug_macro   0x000000000001a131       0x1c ./Core/Src/main.o
 .debug_macro   0x000000000001a14d      0x177 ./Core/Src/main.o
 .debug_macro   0x000000000001a2c4      0x369 ./Core/Src/main.o
 .debug_macro   0x000000000001a62d       0x10 ./Core/Src/main.o
 .debug_macro   0x000000000001a63d       0x35 ./Core/Src/main.o
 .debug_macro   0x000000000001a672       0x20 ./Core/Src/main.o
 .debug_macro   0x000000000001a692      0x1e4 ./Core/Src/stm32g0xx_hal_msp.o
 .debug_macro   0x000000000001a876      0x1ee ./Core/Src/stm32g0xx_it.o
 .debug_macro   0x000000000001aa64      0x274 ./Core/Src/syscalls.o
 .debug_macro   0x000000000001acd8       0x5b ./Core/Src/syscalls.o
 .debug_macro   0x000000000001ad33       0x94 ./Core/Src/syscalls.o
 .debug_macro   0x000000000001adc7       0x57 ./Core/Src/syscalls.o
 .debug_macro   0x000000000001ae1e       0x10 ./Core/Src/syscalls.o
 .debug_macro   0x000000000001ae2e       0x10 ./Core/Src/syscalls.o
 .debug_macro   0x000000000001ae3e       0x10 ./Core/Src/syscalls.o
 .debug_macro   0x000000000001ae4e       0x10 ./Core/Src/syscalls.o
 .debug_macro   0x000000000001ae5e       0x1c ./Core/Src/syscalls.o
 .debug_macro   0x000000000001ae7a       0x52 ./Core/Src/syscalls.o
 .debug_macro   0x000000000001aecc       0x22 ./Core/Src/syscalls.o
 .debug_macro   0x000000000001aeee       0x10 ./Core/Src/syscalls.o
 .debug_macro   0x000000000001aefe       0x52 ./Core/Src/syscalls.o
 .debug_macro   0x000000000001af50       0xcf ./Core/Src/syscalls.o
 .debug_macro   0x000000000001b01f       0x1c ./Core/Src/syscalls.o
 .debug_macro   0x000000000001b03b       0x3d ./Core/Src/syscalls.o
 .debug_macro   0x000000000001b078       0x35 ./Core/Src/syscalls.o
 .debug_macro   0x000000000001b0ad      0x12c ./Core/Src/syscalls.o
 .debug_macro   0x000000000001b1d9       0x16 ./Core/Src/syscalls.o
 .debug_macro   0x000000000001b1ef       0x16 ./Core/Src/syscalls.o
 .debug_macro   0x000000000001b205       0x29 ./Core/Src/syscalls.o
 .debug_macro   0x000000000001b22e       0x10 ./Core/Src/syscalls.o
 .debug_macro   0x000000000001b23e      0x242 ./Core/Src/syscalls.o
 .debug_macro   0x000000000001b480       0x1c ./Core/Src/syscalls.o
 .debug_macro   0x000000000001b49c       0x10 ./Core/Src/syscalls.o
 .debug_macro   0x000000000001b4ac       0x10 ./Core/Src/syscalls.o
 .debug_macro   0x000000000001b4bc       0x16 ./Core/Src/syscalls.o
 .debug_macro   0x000000000001b4d2      0x147 ./Core/Src/syscalls.o
 .debug_macro   0x000000000001b619      0x18a ./Core/Src/syscalls.o
 .debug_macro   0x000000000001b7a3       0x16 ./Core/Src/syscalls.o
 .debug_macro   0x000000000001b7b9       0xce ./Core/Src/syscalls.o
 .debug_macro   0x000000000001b887       0xff ./Core/Src/sysmem.o
 .debug_macro   0x000000000001b986      0x23c ./Core/Src/sysmem.o
 .debug_macro   0x000000000001bbc2      0x1d5 ./Core/Src/system_stm32g0xx.o
 .debug_macro   0x000000000001bd97      0x1ee ./Core/Src/usart.o
 .debug_macro   0x000000000001bf85      0x1f9 ./Drivers/STM32G0xx_HAL_Driver/Src/stm32g0xx_hal.o
 .debug_macro   0x000000000001c17e      0x1d5 ./Drivers/STM32G0xx_HAL_Driver/Src/stm32g0xx_hal_cortex.o
 .debug_macro   0x000000000001c353      0x2e7 ./Drivers/STM32G0xx_HAL_Driver/Src/stm32g0xx_hal_fdcan.o
 .debug_macro   0x000000000001c63a      0x1dc ./Drivers/STM32G0xx_HAL_Driver/Src/stm32g0xx_hal_gpio.o
 .debug_macro   0x000000000001c816      0x1ff ./Drivers/STM32G0xx_HAL_Driver/Src/stm32g0xx_hal_pwr_ex.o
 .debug_macro   0x000000000001ca15      0x21d ./Drivers/STM32G0xx_HAL_Driver/Src/stm32g0xx_hal_rcc.o
 .debug_macro   0x000000000001cc32      0x1ed ./Drivers/STM32G0xx_HAL_Driver/Src/stm32g0xx_hal_rcc_ex.o
 .debug_macro   0x000000000001ce1f      0x200 ./Drivers/STM32G0xx_HAL_Driver/Src/stm32g0xx_hal_uart.o
 .debug_macro   0x000000000001d01f      0x1e1 ./Drivers/STM32G0xx_HAL_Driver/Src/stm32g0xx_hal_uart_ex.o
 .debug_macro   0x000000000001d200      0x206 ./app/Bsp/Bsp.o
 .debug_macro   0x000000000001d406      0x2e3 ./app/FDCAN_Flash/FDCAN_Flash_host.o
 .debug_macro   0x000000000001d6e9       0x58 ./app/FDCAN_Flash/FDCAN_Flash_host.o

.debug_line     0x0000000000000000    0x13df4
 .debug_line    0x0000000000000000      0x8f3 ./Core/Src/fdcan.o
 .debug_line    0x00000000000008f3      0x839 ./Core/Src/gpio.o
 .debug_line    0x000000000000112c      0xcf2 ./Core/Src/main.o
 .debug_line    0x0000000000001e1e      0x798 ./Core/Src/stm32g0xx_hal_msp.o
 .debug_line    0x00000000000025b6      0x7ff ./Core/Src/stm32g0xx_it.o
 .debug_line    0x0000000000002db5      0x98a ./Core/Src/syscalls.o
 .debug_line    0x000000000000373f      0x5a2 ./Core/Src/sysmem.o
 .debug_line    0x0000000000003ce1      0x834 ./Core/Src/system_stm32g0xx.o
 .debug_line    0x0000000000004515      0x8e0 ./Core/Src/usart.o
 .debug_line    0x0000000000004df5       0x7b ./Core/Startup/startup_stm32g0b1cbtx.o
 .debug_line    0x0000000000004e70      0xcc5 ./Drivers/STM32G0xx_HAL_Driver/Src/stm32g0xx_hal.o
 .debug_line    0x0000000000005b35      0xc7c ./Drivers/STM32G0xx_HAL_Driver/Src/stm32g0xx_hal_cortex.o
 .debug_line    0x00000000000067b1     0x1f64 ./Drivers/STM32G0xx_HAL_Driver/Src/stm32g0xx_hal_fdcan.o
 .debug_line    0x0000000000008715      0xb26 ./Drivers/STM32G0xx_HAL_Driver/Src/stm32g0xx_hal_gpio.o
 .debug_line    0x000000000000923b      0xdac ./Drivers/STM32G0xx_HAL_Driver/Src/stm32g0xx_hal_pwr_ex.o
 .debug_line    0x0000000000009fe7     0x10b2 ./Drivers/STM32G0xx_HAL_Driver/Src/stm32g0xx_hal_rcc.o
 .debug_line    0x000000000000b099     0x12de ./Drivers/STM32G0xx_HAL_Driver/Src/stm32g0xx_hal_rcc_ex.o
 .debug_line    0x000000000000c377     0x4fb7 ./Drivers/STM32G0xx_HAL_Driver/Src/stm32g0xx_hal_uart.o
 .debug_line    0x000000000001132e     0x1239 ./Drivers/STM32G0xx_HAL_Driver/Src/stm32g0xx_hal_uart_ex.o
 .debug_line    0x0000000000012567      0x847 ./app/Bsp/Bsp.o
 .debug_line    0x0000000000012dae     0x1046 ./app/FDCAN_Flash/FDCAN_Flash_host.o

.debug_str      0x0000000000000000    0xb8278
 .debug_str     0x0000000000000000    0xae6bf ./Core/Src/fdcan.o
                                      0xaee12 (size before relaxing)
 .debug_str     0x00000000000ae6bf       0x68 ./Core/Src/gpio.o
                                      0xae5a9 (size before relaxing)
 .debug_str     0x00000000000ae727     0x3969 ./Core/Src/main.o
                                      0xb1ed3 (size before relaxing)
 .debug_str     0x00000000000b2090       0x4d ./Core/Src/stm32g0xx_hal_msp.o
                                      0xae4e7 (size before relaxing)
 .debug_str     0x00000000000b20dd       0xb2 ./Core/Src/stm32g0xx_it.o
                                      0xae80a (size before relaxing)
 .debug_str     0x00000000000b218f     0x2720 ./Core/Src/syscalls.o
                                       0x97cf (size before relaxing)
 .debug_str     0x00000000000b48af       0x6b ./Core/Src/sysmem.o
                                       0x5f86 (size before relaxing)
 .debug_str     0x00000000000b491a       0x9c ./Core/Src/system_stm32g0xx.o
                                      0xae3fc (size before relaxing)
 .debug_str     0x00000000000b49b6       0xa8 ./Core/Src/usart.o
                                      0xaed61 (size before relaxing)
 .debug_str     0x00000000000b4a5e       0x34 ./Core/Startup/startup_stm32g0b1cbtx.o
                                         0x89 (size before relaxing)
 .debug_str     0x00000000000b4a92      0x5bc ./Drivers/STM32G0xx_HAL_Driver/Src/stm32g0xx_hal.o
                                      0xaecd5 (size before relaxing)
 .debug_str     0x00000000000b504e      0x28b ./Drivers/STM32G0xx_HAL_Driver/Src/stm32g0xx_hal_cortex.o
                                      0xae8ff (size before relaxing)
 .debug_str     0x00000000000b52d9     0x12da ./Drivers/STM32G0xx_HAL_Driver/Src/stm32g0xx_hal_fdcan.o
                                      0xafa86 (size before relaxing)
 .debug_str     0x00000000000b65b3      0x164 ./Drivers/STM32G0xx_HAL_Driver/Src/stm32g0xx_hal_gpio.o
                                      0xae551 (size before relaxing)
 .debug_str     0x00000000000b6717      0x3f0 ./Drivers/STM32G0xx_HAL_Driver/Src/stm32g0xx_hal_pwr_ex.o
                                      0xae97e (size before relaxing)
 .debug_str     0x00000000000b6b07      0x4a7 ./Drivers/STM32G0xx_HAL_Driver/Src/stm32g0xx_hal_rcc.o
                                      0xaeb4e (size before relaxing)
 .debug_str     0x00000000000b6fae      0x382 ./Drivers/STM32G0xx_HAL_Driver/Src/stm32g0xx_hal_rcc_ex.o
                                      0xaea58 (size before relaxing)
 .debug_str     0x00000000000b7330      0x9f9 ./Drivers/STM32G0xx_HAL_Driver/Src/stm32g0xx_hal_uart.o
                                      0xaf305 (size before relaxing)
 .debug_str     0x00000000000b7d29      0x278 ./Drivers/STM32G0xx_HAL_Driver/Src/stm32g0xx_hal_uart_ex.o
                                      0xaecac (size before relaxing)
 .debug_str     0x00000000000b7fa1      0x1ce ./app/Bsp/Bsp.o
                                      0xae681 (size before relaxing)
 .debug_str     0x00000000000b816f      0x109 ./app/FDCAN_Flash/FDCAN_Flash_host.o
                                      0xb1e0b (size before relaxing)

.debug_frame    0x0000000000000000     0x24f0
 .debug_frame   0x0000000000000000       0x60 ./Core/Src/fdcan.o
 .debug_frame   0x0000000000000060       0x30 ./Core/Src/gpio.o
 .debug_frame   0x0000000000000090       0x7c ./Core/Src/main.o
 .debug_frame   0x000000000000010c       0x2c ./Core/Src/stm32g0xx_hal_msp.o
 .debug_frame   0x0000000000000138       0x80 ./Core/Src/stm32g0xx_it.o
 .debug_frame   0x00000000000001b8      0x184 ./Core/Src/syscalls.o
 .debug_frame   0x000000000000033c       0x28 ./Core/Src/sysmem.o
 .debug_frame   0x0000000000000364       0x38 ./Core/Src/system_stm32g0xx.o
 .debug_frame   0x000000000000039c       0x5c ./Core/Src/usart.o
 .debug_frame   0x00000000000003f8      0x280 ./Drivers/STM32G0xx_HAL_Driver/Src/stm32g0xx_hal.o
 .debug_frame   0x0000000000000678      0x134 ./Drivers/STM32G0xx_HAL_Driver/Src/stm32g0xx_hal_cortex.o
 .debug_frame   0x00000000000007ac      0x490 ./Drivers/STM32G0xx_HAL_Driver/Src/stm32g0xx_hal_fdcan.o
 .debug_frame   0x0000000000000c3c       0xd4 ./Drivers/STM32G0xx_HAL_Driver/Src/stm32g0xx_hal_gpio.o
 .debug_frame   0x0000000000000d10      0x284 ./Drivers/STM32G0xx_HAL_Driver/Src/stm32g0xx_hal_pwr_ex.o
 .debug_frame   0x0000000000000f94      0x178 ./Drivers/STM32G0xx_HAL_Driver/Src/stm32g0xx_hal_rcc.o
 .debug_frame   0x000000000000110c      0x14c ./Drivers/STM32G0xx_HAL_Driver/Src/stm32g0xx_hal_rcc_ex.o
 .debug_frame   0x0000000000001258      0x724 ./Drivers/STM32G0xx_HAL_Driver/Src/stm32g0xx_hal_uart.o
 .debug_frame   0x000000000000197c      0x1d8 ./Drivers/STM32G0xx_HAL_Driver/Src/stm32g0xx_hal_uart_ex.o
 .debug_frame   0x0000000000001b54       0xb8 ./app/Bsp/Bsp.o
 .debug_frame   0x0000000000001c0c      0x1d4 ./app/FDCAN_Flash/FDCAN_Flash_host.o