../app/FDCAN_Flash/FDCAN_Flash_device.c:16:6:FDCAN_Config	8	static
../app/FDCAN_Flash/FDCAN_Flash_device.c:44:6:FDCAN_Enable	8	static
../app/FDCAN_Flash/FDCAN_Flash_device.c:72:6:FDCAN_TxConfig	0	static
../app/FDCAN_Flash/FDCAN_Flash_device.c:85:6:FDCAN_SendByte	24	static
../app/FDCAN_Flash/FDCAN_Flash_device.c:100:6:FDCAN_SendBytes	16	static
../app/FDCAN_Flash/FDCAN_Flash_device.c:166:5:getNextPos	0	static
../app/FDCAN_Flash/FDCAN_Flash_device.c:171:5:write	24	static
../app/FDCAN_Flash/FDCAN_Flash_device.c:145:6:HAL_FDCAN_RxFifo0Callback	8	static
../app/FDCAN_Flash/FDCAN_Flash_device.c:185:5:read	24	static
../app/FDCAN_Flash/FDCAN_Flash_device.c:115:9:FDCAN_ReadByte	112	static
../app/FDCAN_Flash/FDCAN_Flash_device.c:130:6:FDCAN_ReadBytes	112	static
../app/FDCAN_Flash/FDCAN_Flash_device.c:199:6:FDCAN_GetCommand_d	32	static
../app/FDCAN_Flash/FDCAN_Flash_device.c:231:6:FDCAN_GetID_d	72	static
../app/FDCAN_Flash/FDCAN_Flash_device.c:366:6:FDCAN_EraseMemory_d	96	static
../app/FDCAN_Flash/FDCAN_Flash_device.c:448:9:FDCAN_GetAddress	0	static
../app/FDCAN_Flash/FDCAN_Flash_device.c:244:6:FDCAN_ReadMemory_d	96	static
../app/FDCAN_Flash/FDCAN_Flash_device.c:311:6:FDCAN_WriteMemory_d	288	static
../app/FDCAN_Flash/FDCAN_Flash_device.c:424:6:FDCAN_Go_d	16	static
