../app/FDCAN_Flash/FDCAN_Flash_device.c:16:6:FDCAN_Config	8	static
../app/FDCAN_Flash/FDCAN_Flash_device.c:44:6:FDCAN_Enable	8	static
../app/FDCAN_Flash/FDCAN_Flash_device.c:72:6:FDCAN_TxConfig	0	static
../app/FDCAN_Flash/FDCAN_Flash_device.c:85:6:FDCAN_SendByte	24	static
../app/FDCAN_Flash/FDCAN_Flash_device.c:102:6:FDCAN_SendBytes	16	static
../app/FDCAN_Flash/FDCAN_Flash_device.c:172:5:getNextPos	0	static
../app/FDCAN_Flash/FDCAN_Flash_device.c:177:5:write	24	static
../app/FDCAN_Flash/FDCAN_Flash_device.c:151:6:HAL_FDCAN_RxFifo0Callback	8	static
../app/FDCAN_Flash/FDCAN_Flash_device.c:191:5:read	24	static
../app/FDCAN_Flash/FDCAN_Flash_device.c:119:9:FDCAN_ReadByte	112	static
../app/FDCAN_Flash/FDCAN_Flash_device.c:135:6:FDCAN_ReadBytes	112	static
../app/FDCAN_Flash/FDCAN_Flash_device.c:205:6:FDCAN_GetCommand_d	32	static
../app/FDCAN_Flash/FDCAN_Flash_device.c:237:6:FDCAN_GetID_d	72	static
../app/FDCAN_Flash/FDCAN_Flash_device.c:372:6:FDCAN_EraseMemory_d	96	static
../app/FDCAN_Flash/FDCAN_Flash_device.c:454:9:FDCAN_GetAddress	0	static
../app/FDCAN_Flash/FDCAN_Flash_device.c:250:6:FDCAN_ReadMemory_d	96	static
../app/FDCAN_Flash/FDCAN_Flash_device.c:317:6:FDCAN_WriteMemory_d	288	static
../app/FDCAN_Flash/FDCAN_Flash_device.c:430:6:FDCAN_Go_d	16	static
