../app/FDCAN_Flash/FDCAN_Flash_device.c:10:6:FDCAN_Config	8	static
../app/FDCAN_Flash/FDCAN_Flash_device.c:38:6:FDCAN_Enable	8	static
../app/FDCAN_Flash/FDCAN_Flash_device.c:66:6:FDCAN_TxConfig	16	static
../app/FDCAN_Flash/FDCAN_Flash_device.c:79:9:FDCAN_ReadByte	8	static
../app/FDCAN_Flash/FDCAN_Flash_device.c:90:6:FDCAN_SendByte	16	static
../app/FDCAN_Flash/FDCAN_Flash_device.c:107:6:FDCAN_SendBytes	16	static
../app/FDCAN_Flash/FDCAN_Flash_device.c:124:6:HAL_FDCAN_RxFifo0Callback	16	static
../app/FDCAN_Flash/FDCAN_Flash_device.c:140:6:FDCAN_GetCommand_d	24	static
../app/FDCAN_Flash/FDCAN_Flash_device.c:172:6:FDCAN_GetID_d	8	static
../app/FDCAN_Flash/FDCAN_Flash_device.c:184:6:FDCAN_ReadMemory_d	40	static
../app/FDCAN_Flash/FDCAN_Flash_device.c:250:9:FDCAN_GetAddress	24	static
