../app/FDCAN_Flash/FDCAN_Flash_device.c:16:6:FDCAN_Config	8	static
../app/FDCAN_Flash/FDCAN_Flash_device.c:44:6:FDCAN_Enable	8	static
../app/FDCAN_Flash/FDCAN_Flash_device.c:72:6:FDCAN_TxConfig	16	static
../app/FDCAN_Flash/FDCAN_Flash_device.c:85:6:FDCAN_SendByte	16	static
../app/FDCAN_Flash/FDCAN_Flash_device.c:102:6:FDCAN_SendBytes	16	static
../app/FDCAN_Flash/FDCAN_Flash_device.c:119:9:FDCAN_ReadByte	120	static
../app/FDCAN_Flash/FDCAN_Flash_device.c:135:6:FDCAN_ReadBytes	136	static
../app/FDCAN_Flash/FDCAN_Flash_device.c:151:6:HAL_FDCAN_RxFifo0Callback	16	static
../app/FDCAN_Flash/FDCAN_Flash_device.c:166:5:getNextPos	16	static
../app/FDCAN_Flash/FDCAN_Flash_device.c:171:5:write	24	static
../app/FDCAN_Flash/FDCAN_Flash_device.c:185:5:read	24	static
../app/FDCAN_Flash/FDCAN_Flash_device.c:199:6:FDCAN_GetCommand_d	24	static
../app/FDCAN_Flash/FDCAN_Flash_device.c:231:6:FDCAN_GetID_d	72	static
../app/FDCAN_Flash/FDCAN_Flash_device.c:244:6:FDCAN_ReadMemory_d	104	static
../app/FDCAN_Flash/FDCAN_Flash_device.c:311:6:FDCAN_WriteMemory_d	296	static
../app/FDCAN_Flash/FDCAN_Flash_device.c:365:6:FDCAN_EraseMemory_d	112	static
../app/FDCAN_Flash/FDCAN_Flash_device.c:423:6:FDCAN_Go_d	16	static
../app/FDCAN_Flash/FDCAN_Flash_device.c:447:9:FDCAN_GetAddress	24	static
