../app/SPI_Flash/SPI_Flash.c:25:6:SPI_FLASH_EnableSelect	8	static
../app/SPI_Flash/SPI_Flash.c:33:6:SPI_FLASH_DisableSelect	8	static
../app/SPI_Flash/SPI_Flash.c:45:6:SPI_FLASH_SectorErase	16	static
../app/SPI_Flash/SPI_Flash.c:73:6:SPI_FLASH_BlockErase	16	static
../app/SPI_Flash/SPI_Flash.c:103:6:SPI_FLASH_ChipErase	8	static
../app/SPI_Flash/SPI_Flash.c:133:6:SPI_FLASH_PageWrite	24	static
../app/SPI_Flash/SPI_Flash.c:173:6:SPI_FLASH_BufferWrite	40	static
../app/SPI_Flash/SPI_Flash.c:255:6:SPI_FLASH_BufferRead	24	static
../app/SPI_Flash/SPI_Flash.c:289:5:SPI_FLASH_ReadID	24	static
../app/SPI_Flash/SPI_Flash.c:328:6:SPI_FLASH_StartReadSequence	16	static
../app/SPI_Flash/SPI_Flash.c:354:4:SPI_FLASH_ReadByte	8	static
../app/SPI_Flash/SPI_Flash.c:367:4:SPI_FLASH_SendByte	24	static
../app/SPI_Flash/SPI_Flash.c:396:5:SPI_FLASH_SendHalfWord	16	static
../app/SPI_Flash/SPI_Flash.c:408:6:SPI_FLASH_WriteEnable	8	static
../app/SPI_Flash/SPI_Flash.c:429:6:SPI_FLASH_WaitForWriteEnd	24	static
../app/SPI_Flash/SPI_Flash.c:454:6:SPI_FLASH_WriteByte	296	static
