../app/SPI_SD_driver/SPI_SD_driver.c:9:6:SPI_SD_Release	32	static
../app/SPI_SD_driver/SPI_SD_driver.c:23:6:SPI_SD_EnableSelect	8	static
../app/SPI_SD_driver/SPI_SD_driver.c:28:6:SPI_SD_DisableSelect	8	static
../app/SPI_SD_driver/SPI_SD_driver.c:33:9:SPI_SD_GetSDCard	8	static
../app/SPI_SD_driver/SPI_SD_driver.c:38:6:SPI_SetSpeed	16	static
../app/SPI_SD_driver/SPI_SD_driver.c:60:4:SPI_ReadWriteByte	24	static
../app/SPI_SD_driver/SPI_SD_driver.c:89:4:SD_WaitReady	24	static
../app/SPI_SD_driver/SPI_SD_driver.c:114:4:SD_SendCommand	32	static
../app/SPI_SD_driver/SPI_SD_driver.c:161:4:SD_SendCommand_NoDeassert	32	static
../app/SPI_SD_driver/SPI_SD_driver.c:201:4:SD_Init	32	static
../app/SPI_SD_driver/SPI_SD_driver.c:411:4:SD_ReceiveData	32	static
../app/SPI_SD_driver/SPI_SD_driver.c:460:4:SD_GetCID	32	static
../app/SPI_SD_driver/SPI_SD_driver.c:487:4:SD_GetCSD	32	static
../app/SPI_SD_driver/SPI_SD_driver.c:513:5:SD_GetCapacity	40	static
../app/SPI_SD_driver/SPI_SD_driver.c:596:4:SD_ReadSingleBlock	32	static
../app/SPI_SD_driver/SPI_SD_driver.c:639:4:SD_WriteSingleBlock	32	static
../app/SPI_SD_driver/SPI_SD_driver.c:717:4:SD_ReadMultiBlock	40	static
../app/SPI_SD_driver/SPI_SD_driver.c:776:4:SD_WriteMultiBlock	40	static
