../app/FDCAN_Flash/FDCAN_Flash_host.c:11:6:FDCAN_Config	8	static
../app/FDCAN_Flash/FDCAN_Flash_host.c:39:6:FDCAN_Enable	8	static
../app/FDCAN_Flash/FDCAN_Flash_host.c:69:6:FDCAN_TxConfig	0	static
../app/FDCAN_Flash/FDCAN_Flash_host.c:74:6:FDCAN_SendByte	24	static
../app/FDCAN_Flash/FDCAN_Flash_host.c:90:6:FDCAN_SendBytes	16	static
../app/FDCAN_Flash/FDCAN_Flash_host.c:152:5:getNextPos	0	static
../app/FDCAN_Flash/FDCAN_Flash_host.c:157:5:write	24	static
../app/FDCAN_Flash/FDCAN_Flash_host.c:139:6:HAL_FDCAN_RxFifo0Callback	112	static
../app/FDCAN_Flash/FDCAN_Flash_host.c:172:5:read	24	static
../app/FDCAN_Flash/FDCAN_Flash_host.c:107:9:FDCAN_ReadByte	112	static
../app/FDCAN_Flash/FDCAN_Flash_host.c:123:6:FDCAN_ReadBytes	112	static
../app/FDCAN_Flash/FDCAN_Flash_host.c:187:6:FDCAN_GetCommand	16	static
../app/FDCAN_Flash/FDCAN_Flash_host.c:222:6:FDCAN_GetID	72	static
../app/FDCAN_Flash/FDCAN_Flash_host.c:248:6:FDCAN_ReadMemory	80	static
../app/FDCAN_Flash/FDCAN_Flash_host.c:284:6:FDCAN_WriteMemory	16	static
../app/FDCAN_Flash/FDCAN_Flash_host.c:326:6:FDCAN_EraseMemory	16	static
../app/FDCAN_Flash/FDCAN_Flash_host.c:353:6:FDCAN_Go	16	static
