../app/FDCAN_Flash/FDCAN_Flash_host.c:12:6:FDCAN_Config	8	static
../app/FDCAN_Flash/FDCAN_Flash_host.c:40:6:FDCAN_Enable	8	static
../app/FDCAN_Flash/FDCAN_Flash_host.c:70:6:FDCAN_TxConfig	0	static
../app/FDCAN_Flash/FDCAN_Flash_host.c:75:6:FDCAN_SendByte	24	static
../app/FDCAN_Flash/FDCAN_Flash_host.c:89:6:FDCAN_SendBytes	16	static
../app/FDCAN_Flash/FDCAN_Flash_host.c:120:9:FDCAN_ReadByte	16	static
../app/FDCAN_Flash/FDCAN_Flash_host.c:160:5:getNextPos	0	static
../app/FDCAN_Flash/FDCAN_Flash_host.c:165:5:write	24	static
../app/FDCAN_Flash/FDCAN_Flash_host.c:180:5:read	24	static
../app/FDCAN_Flash/FDCAN_Flash_host.c:133:6:FDCAN_ReadBytes	112	static
../app/FDCAN_Flash/FDCAN_Flash_host.c:195:6:FDCAN_GetCommand	16	static
../app/FDCAN_Flash/FDCAN_Flash_host.c:230:6:FDCAN_GetID	72	static
../app/FDCAN_Flash/FDCAN_Flash_host.c:256:6:FDCAN_ReadMemory	80	static
../app/FDCAN_Flash/FDCAN_Flash_host.c:292:6:FDCAN_WriteMemory	16	static
../app/FDCAN_Flash/FDCAN_Flash_host.c:332:6:FDCAN_EraseMemory	16	static
../app/FDCAN_Flash/FDCAN_Flash_host.c:356:6:FDCAN_Go	16	static
