../app/FDCAN_Flash/FDCAN_Flash_host.c:11:6:FDCAN_Config	8	static
../app/FDCAN_Flash/FDCAN_Flash_host.c:39:6:FDCAN_Enable	8	static
../app/FDCAN_Flash/FDCAN_Flash_host.c:69:6:FDCAN_TxConfig	16	static
../app/FDCAN_Flash/FDCAN_Flash_host.c:82:6:FDCAN_SendByte	16	static
../app/FDCAN_Flash/FDCAN_Flash_host.c:98:6:FDCAN_SendBytes	16	static
../app/FDCAN_Flash/FDCAN_Flash_host.c:115:9:FDCAN_ReadByte	120	static
../app/FDCAN_Flash/FDCAN_Flash_host.c:131:6:FDCAN_ReadBytes	136	static
../app/FDCAN_Flash/FDCAN_Flash_host.c:147:6:HAL_FDCAN_RxFifo0Callback	128	static
../app/FDCAN_Flash/FDCAN_Flash_host.c:160:5:getNextPos	16	static
../app/FDCAN_Flash/FDCAN_Flash_host.c:165:5:write	24	static
../app/FDCAN_Flash/FDCAN_Flash_host.c:180:5:read	24	static
../app/FDCAN_Flash/FDCAN_Flash_host.c:195:6:FDCAN_GetCommand	48	static
../app/FDCAN_Flash/FDCAN_Flash_host.c:230:6:FDCAN_GetID	72	static
../app/FDCAN_Flash/FDCAN_Flash_host.c:256:6:FDCAN_ReadMemory	88	static
