../Drivers/STM32G0xx_HAL_Driver/Src/stm32g0xx_hal_fdcan.c:581:13:HAL_FDCAN_MspInit	0	static
../Drivers/STM32G0xx_HAL_Driver/Src/stm32g0xx_hal_fdcan.c:287:19:HAL_FDCAN_Init	24	static
../Drivers/STM32G0xx_HAL_Driver/Src/stm32g0xx_hal_fdcan.c:596:13:HAL_FDCAN_MspDeInit	0	static
../Drivers/STM32G0xx_HAL_Driver/Src/stm32g0xx_hal_fdcan.c:611:19:HAL_FDCAN_EnterPowerDownMode	16	static
../Drivers/STM32G0xx_HAL_Driver/Src/stm32g0xx_hal_fdcan.c:646:19:HAL_FDCAN_ExitPowerDownMode	16	static
../Drivers/STM32G0xx_HAL_Driver/Src/stm32g0xx_hal_fdcan.c:1295:19:HAL_FDCAN_ConfigFilter	20	static
../Drivers/STM32G0xx_HAL_Driver/Src/stm32g0xx_hal_fdcan.c:1379:19:HAL_FDCAN_ConfigGlobalFilter	12	static
../Drivers/STM32G0xx_HAL_Driver/Src/stm32g0xx_hal_fdcan.c:1423:19:HAL_FDCAN_ConfigExtendedIdMask	0	static
../Drivers/STM32G0xx_HAL_Driver/Src/stm32g0xx_hal_fdcan.c:1457:19:HAL_FDCAN_ConfigRxFifoOverwrite	0	static
../Drivers/STM32G0xx_HAL_Driver/Src/stm32g0xx_hal_fdcan.c:1497:19:HAL_FDCAN_ConfigRamWatchdog	0	static
../Drivers/STM32G0xx_HAL_Driver/Src/stm32g0xx_hal_fdcan.c:1527:19:HAL_FDCAN_ConfigTimestampCounter	0	static
../Drivers/STM32G0xx_HAL_Driver/Src/stm32g0xx_hal_fdcan.c:1557:19:HAL_FDCAN_EnableTimestampCounter	0	static
../Drivers/STM32G0xx_HAL_Driver/Src/stm32g0xx_hal_fdcan.c:1585:19:HAL_FDCAN_DisableTimestampCounter	0	static
../Drivers/STM32G0xx_HAL_Driver/Src/stm32g0xx_hal_fdcan.c:1610:10:HAL_FDCAN_GetTimestampCounter	0	static
../Drivers/STM32G0xx_HAL_Driver/Src/stm32g0xx_hal_fdcan.c:1621:19:HAL_FDCAN_ResetTimestampCounter	0	static
../Drivers/STM32G0xx_HAL_Driver/Src/stm32g0xx_hal_fdcan.c:1652:19:HAL_FDCAN_ConfigTimeoutCounter	8	static
../Drivers/STM32G0xx_HAL_Driver/Src/stm32g0xx_hal_fdcan.c:1683:19:HAL_FDCAN_EnableTimeoutCounter	0	static
../Drivers/STM32G0xx_HAL_Driver/Src/stm32g0xx_hal_fdcan.c:1708:19:HAL_FDCAN_DisableTimeoutCounter	0	static
../Drivers/STM32G0xx_HAL_Driver/Src/stm32g0xx_hal_fdcan.c:1733:10:HAL_FDCAN_GetTimeoutCounter	0	static
../Drivers/STM32G0xx_HAL_Driver/Src/stm32g0xx_hal_fdcan.c:1744:19:HAL_FDCAN_ResetTimeoutCounter	8	static
../Drivers/STM32G0xx_HAL_Driver/Src/stm32g0xx_hal_fdcan.c:1774:19:HAL_FDCAN_ConfigTxDelayCompensation	0	static
../Drivers/STM32G0xx_HAL_Driver/Src/stm32g0xx_hal_fdcan.c:1804:19:HAL_FDCAN_EnableTxDelayCompensation	0	static
../Drivers/STM32G0xx_HAL_Driver/Src/stm32g0xx_hal_fdcan.c:1829:19:HAL_FDCAN_DisableTxDelayCompensation	0	static
../Drivers/STM32G0xx_HAL_Driver/Src/stm32g0xx_hal_fdcan.c:1855:19:HAL_FDCAN_EnableISOMode	0	static
../Drivers/STM32G0xx_HAL_Driver/Src/stm32g0xx_hal_fdcan.c:1881:19:HAL_FDCAN_DisableISOMode	0	static
../Drivers/STM32G0xx_HAL_Driver/Src/stm32g0xx_hal_fdcan.c:1907:19:HAL_FDCAN_EnableEdgeFiltering	0	static
../Drivers/STM32G0xx_HAL_Driver/Src/stm32g0xx_hal_fdcan.c:1933:19:HAL_FDCAN_DisableEdgeFiltering	0	static
../Drivers/STM32G0xx_HAL_Driver/Src/stm32g0xx_hal_fdcan.c:1993:19:HAL_FDCAN_Start	0	static
../Drivers/STM32G0xx_HAL_Driver/Src/stm32g0xx_hal_fdcan.c:2024:19:HAL_FDCAN_Stop	16	static
../Drivers/STM32G0xx_HAL_Driver/Src/stm32g0xx_hal_fdcan.c:535:19:HAL_FDCAN_DeInit	8	static
../Drivers/STM32G0xx_HAL_Driver/Src/stm32g0xx_hal_fdcan.c:2106:19:HAL_FDCAN_AddMessageToTxFifoQ	32	static
../Drivers/STM32G0xx_HAL_Driver/Src/stm32g0xx_hal_fdcan.c:2174:10:HAL_FDCAN_GetLatestTxFifoQRequestBuffer	0	static
../Drivers/STM32G0xx_HAL_Driver/Src/stm32g0xx_hal_fdcan.c:2188:19:HAL_FDCAN_AbortTxRequest	0	static
../Drivers/STM32G0xx_HAL_Driver/Src/stm32g0xx_hal_fdcan.c:2220:19:HAL_FDCAN_GetRxMessage	32	static
../Drivers/STM32G0xx_HAL_Driver/Src/stm32g0xx_hal_fdcan.c:2349:19:HAL_FDCAN_GetTxEvent	12	static
../Drivers/STM32G0xx_HAL_Driver/Src/stm32g0xx_hal_fdcan.c:2432:19:HAL_FDCAN_GetHighPriorityMessageStatus	0	static
../Drivers/STM32G0xx_HAL_Driver/Src/stm32g0xx_hal_fdcan.c:2451:19:HAL_FDCAN_GetProtocolStatus	0	static
../Drivers/STM32G0xx_HAL_Driver/Src/stm32g0xx_hal_fdcan.c:2482:19:HAL_FDCAN_GetErrorCounters	0	static
../Drivers/STM32G0xx_HAL_Driver/Src/stm32g0xx_hal_fdcan.c:2509:10:HAL_FDCAN_IsTxBufferMessagePending	0	static
../Drivers/STM32G0xx_HAL_Driver/Src/stm32g0xx_hal_fdcan.c:2532:10:HAL_FDCAN_GetRxFifoFillLevel	0	static
../Drivers/STM32G0xx_HAL_Driver/Src/stm32g0xx_hal_fdcan.c:2559:10:HAL_FDCAN_GetTxFifoFreeLevel	0	static
../Drivers/STM32G0xx_HAL_Driver/Src/stm32g0xx_hal_fdcan.c:2577:10:HAL_FDCAN_IsRestrictedOperationMode	0	static
../Drivers/STM32G0xx_HAL_Driver/Src/stm32g0xx_hal_fdcan.c:2593:19:HAL_FDCAN_ExitRestrictedOperationMode	0	static
../Drivers/STM32G0xx_HAL_Driver/Src/stm32g0xx_hal_fdcan.c:2645:19:HAL_FDCAN_ConfigInterruptLines	0	static
../Drivers/STM32G0xx_HAL_Driver/Src/stm32g0xx_hal_fdcan.c:2690:19:HAL_FDCAN_ActivateNotification	16	static
../Drivers/STM32G0xx_HAL_Driver/Src/stm32g0xx_hal_fdcan.c:2783:19:HAL_FDCAN_DeactivateNotification	12	static
../Drivers/STM32G0xx_HAL_Driver/Src/stm32g0xx_hal_fdcan.c:3152:13:HAL_FDCAN_TxEventFifoCallback	0	static
../Drivers/STM32G0xx_HAL_Driver/Src/stm32g0xx_hal_fdcan.c:3171:13:HAL_FDCAN_RxFifo0Callback	0	static
../Drivers/STM32G0xx_HAL_Driver/Src/stm32g0xx_hal_fdcan.c:3190:13:HAL_FDCAN_RxFifo1Callback	0	static
../Drivers/STM32G0xx_HAL_Driver/Src/stm32g0xx_hal_fdcan.c:3207:13:HAL_FDCAN_TxFifoEmptyCallback	0	static
../Drivers/STM32G0xx_HAL_Driver/Src/stm32g0xx_hal_fdcan.c:3225:13:HAL_FDCAN_TxBufferCompleteCallback	0	static
../Drivers/STM32G0xx_HAL_Driver/Src/stm32g0xx_hal_fdcan.c:3244:13:HAL_FDCAN_TxBufferAbortCallback	0	static
../Drivers/STM32G0xx_HAL_Driver/Src/stm32g0xx_hal_fdcan.c:3261:13:HAL_FDCAN_TimestampWraparoundCallback	0	static
../Drivers/STM32G0xx_HAL_Driver/Src/stm32g0xx_hal_fdcan.c:3277:13:HAL_FDCAN_TimeoutOccurredCallback	0	static
../Drivers/STM32G0xx_HAL_Driver/Src/stm32g0xx_hal_fdcan.c:3293:13:HAL_FDCAN_HighPriorityMessageCallback	0	static
../Drivers/STM32G0xx_HAL_Driver/Src/stm32g0xx_hal_fdcan.c:3309:13:HAL_FDCAN_ErrorCallback	0	static
../Drivers/STM32G0xx_HAL_Driver/Src/stm32g0xx_hal_fdcan.c:3327:13:HAL_FDCAN_ErrorStatusCallback	0	static
../Drivers/STM32G0xx_HAL_Driver/Src/stm32g0xx_hal_fdcan.c:2879:6:HAL_FDCAN_IRQHandler	40	static
../Drivers/STM32G0xx_HAL_Driver/Src/stm32g0xx_hal_fdcan.c:3363:24:HAL_FDCAN_GetState	0	static
../Drivers/STM32G0xx_HAL_Driver/Src/stm32g0xx_hal_fdcan.c:3375:10:HAL_FDCAN_GetError	0	static
