../app/Bsp/Bsp.c:8:6:LED_G_WritePin	16	static
../app/Bsp/Bsp.c:13:6:LED_G_TogglePin	8	static
../app/Bsp/Bsp.c:18:6:LED_R_WritePin	16	static
../app/Bsp/Bsp.c:23:6:LED_R_TogglePin	8	static
../app/Bsp/Bsp.c:28:6:enterNormalMode	8	static
../app/Bsp/Bsp.c:34:12:GetReadOutProtectionStatus	16	static
../app/Bsp/Bsp.c:50:10:FLASH_GetReadOutProtectionLevel	88	static
../app/Bsp/Bsp.c:60:9:FLASH_Read	16	static
../app/Bsp/Bsp.c:65:6:FLASH_Write	32	static
../app/Bsp/Bsp.c:83:6:FLASH_Erase	48	static
../app/Bsp/Bsp.c:111:6:jump_to_app	32	static,ignoring_inline_asm
